2025-12-29 02:40:08 +00:00: Watching for file changes with StatReloader
2025-12-29 02:40:09 +00:00: Exception in thread django-main-thread:
2025-12-29 02:40:09 +00:00: Traceback (most recent call last):
2025-12-29 02:40:09 +00:00:   File "/usr/lib64/python3.9/threading.py", line 980, in _bootstrap_inner
2025-12-29 02:40:09 +00:00:     self.run()
2025-12-29 02:40:09 +00:00:   File "/usr/lib64/python3.9/threading.py", line 917, in run
2025-12-29 02:40:09 +00:00:     self._target(*self._args, **self._kwargs)
2025-12-29 02:40:09 +00:00:   File "/var/www/spirit-bead-backend/venv/lib64/python3.9/site-packages/django/utils/autoreload.py", line 64, in wrapper
2025-12-29 02:40:09 +00:00:     fn(*args, **kwargs)
2025-12-29 02:40:09 +00:00:   File "/var/www/spirit-bead-backend/venv/lib64/python3.9/site-packages/django/core/management/commands/runserver.py", line 136, in inner_run
2025-12-29 02:40:09 +00:00:     self.check_migrations()
2025-12-29 02:40:09 +00:00:   File "/var/www/spirit-bead-backend/venv/lib64/python3.9/site-packages/django/core/management/base.py", line 574, in check_migrations
2025-12-29 02:40:09 +00:00:     executor = MigrationExecutor(connections[DEFAULT_DB_ALIAS])
2025-12-29 02:40:09 +00:00:   File "/var/www/spirit-bead-backend/venv/lib64/python3.9/site-packages/django/db/migrations/executor.py", line 18, in __init__
2025-12-29 02:40:09 +00:00:     self.loader = MigrationLoader(self.connection)
2025-12-29 02:40:09 +00:00:   File "/var/www/spirit-bead-backend/venv/lib64/python3.9/site-packages/django/db/migrations/loader.py", line 58, in __init__
2025-12-29 02:40:09 +00:00:     self.build_graph()
2025-12-29 02:40:09 +00:00:   File "/var/www/spirit-bead-backend/venv/lib64/python3.9/site-packages/django/db/migrations/loader.py", line 229, in build_graph
2025-12-29 02:40:09 +00:00:     self.load_disk()
2025-12-29 02:40:09 +00:00:   File "/var/www/spirit-bead-backend/venv/lib64/python3.9/site-packages/django/db/migrations/loader.py", line 130, in load_disk
2025-12-29 02:40:09 +00:00:     raise BadMigrationError(
2025-12-29 02:40:09 +00:00: django.db.migrations.exceptions.BadMigrationError: Migration 0003_create_sample_images in app products has no Migration class
2026-01-02 04:49:34 +00:00: Traceback (most recent call last):
2026-01-02 04:49:34 +00:00:   File "/var/www/spirit-bead-backend/manage.py", line 11, in main
2026-01-02 04:49:34 +00:00:     from django.core.management import execute_from_command_line
2026-01-02 04:49:34 +00:00: ModuleNotFoundError: No module named 'django'
2026-01-02 04:49:34 +00:00: 
2026-01-02 04:49:34 +00:00: The above exception was the direct cause of the following exception:
2026-01-02 04:49:34 +00:00: 
2026-01-02 04:49:34 +00:00: Traceback (most recent call last):
2026-01-02 04:49:34 +00:00:   File "/var/www/spirit-bead-backend/manage.py", line 22, in <module>
2026-01-02 04:49:34 +00:00:     main()
2026-01-02 04:49:34 +00:00:   File "/var/www/spirit-bead-backend/manage.py", line 13, in main
2026-01-02 04:49:34 +00:00:     raise ImportError(
2026-01-02 04:49:34 +00:00: ImportError: Couldn't import Django. Are you sure it's installed and available on your PYTHONPATH environment variable? Did you forget to activate a virtual environment?
2026-01-02 04:49:34 +00:00: Traceback (most recent call last):
2026-01-02 04:49:34 +00:00:   File "/var/www/spirit-bead-backend/manage.py", line 11, in main
2026-01-02 04:49:34 +00:00:     from django.core.management import execute_from_command_line
2026-01-02 04:49:34 +00:00: ModuleNotFoundError: No module named 'django'
2026-01-02 04:49:34 +00:00: 
2026-01-02 04:49:34 +00:00: The above exception was the direct cause of the following exception:
2026-01-02 04:49:34 +00:00: 
2026-01-02 04:49:34 +00:00: Traceback (most recent call last):
2026-01-02 04:49:34 +00:00:   File "/var/www/spirit-bead-backend/manage.py", line 22, in <module>
2026-01-02 04:49:34 +00:00:     main()
2026-01-02 04:49:34 +00:00:   File "/var/www/spirit-bead-backend/manage.py", line 13, in main
2026-01-02 04:49:34 +00:00:     raise ImportError(
2026-01-02 04:49:34 +00:00: ImportError: Couldn't import Django. Are you sure it's installed and available on your PYTHONPATH environment variable? Did you forget to activate a virtual environment?
2026-01-02 04:49:34 +00:00: Traceback (most recent call last):
2026-01-02 04:49:34 +00:00:   File "/var/www/spirit-bead-backend/manage.py", line 11, in main
2026-01-02 04:49:34 +00:00:     from django.core.management import execute_from_command_line
2026-01-02 04:49:34 +00:00: ModuleNotFoundError: No module named 'django'
2026-01-02 04:49:34 +00:00: 
2026-01-02 04:49:34 +00:00: The above exception was the direct cause of the following exception:
2026-01-02 04:49:34 +00:00: 
2026-01-02 04:49:34 +00:00: Traceback (most recent call last):
2026-01-02 04:49:34 +00:00:   File "/var/www/spirit-bead-backend/manage.py", line 22, in <module>
2026-01-02 04:49:34 +00:00:     main()
2026-01-02 04:49:34 +00:00:   File "/var/www/spirit-bead-backend/manage.py", line 13, in main
2026-01-02 04:49:34 +00:00:     raise ImportError(
2026-01-02 04:49:34 +00:00: ImportError: Couldn't import Django. Are you sure it's installed and available on your PYTHONPATH environment variable? Did you forget to activate a virtual environment?
2026-01-02 04:49:34 +00:00: Traceback (most recent call last):
2026-01-02 04:49:34 +00:00:   File "/var/www/spirit-bead-backend/manage.py", line 11, in main
2026-01-02 04:49:34 +00:00:     from django.core.management import execute_from_command_line
2026-01-02 04:49:34 +00:00: ModuleNotFoundError: No module named 'django'
2026-01-02 04:49:34 +00:00: 
2026-01-02 04:49:34 +00:00: The above exception was the direct cause of the following exception:
2026-01-02 04:49:34 +00:00: 
2026-01-02 04:49:34 +00:00: Traceback (most recent call last):
2026-01-02 04:49:34 +00:00:   File "/var/www/spirit-bead-backend/manage.py", line 22, in <module>
2026-01-02 04:49:34 +00:00:     main()
2026-01-02 04:49:34 +00:00:   File "/var/www/spirit-bead-backend/manage.py", line 13, in main
2026-01-02 04:49:34 +00:00:     raise ImportError(
2026-01-02 04:49:34 +00:00: ImportError: Couldn't import Django. Are you sure it's installed and available on your PYTHONPATH environment variable? Did you forget to activate a virtual environment?
2026-01-02 04:49:34 +00:00: Traceback (most recent call last):
2026-01-02 04:49:34 +00:00:   File "/var/www/spirit-bead-backend/manage.py", line 11, in main
2026-01-02 04:49:34 +00:00:     from django.core.management import execute_from_command_line
2026-01-02 04:49:34 +00:00: ModuleNotFoundError: No module named 'django'
2026-01-02 04:49:34 +00:00: 
2026-01-02 04:49:34 +00:00: The above exception was the direct cause of the following exception:
2026-01-02 04:49:34 +00:00: 
2026-01-02 04:49:34 +00:00: Traceback (most recent call last):
2026-01-02 04:49:34 +00:00:   File "/var/www/spirit-bead-backend/manage.py", line 22, in <module>
2026-01-02 04:49:34 +00:00:     main()
2026-01-02 04:49:34 +00:00:   File "/var/www/spirit-bead-backend/manage.py", line 13, in main
2026-01-02 04:49:34 +00:00:     raise ImportError(
2026-01-02 04:49:34 +00:00: ImportError: Couldn't import Django. Are you sure it's installed and available on your PYTHONPATH environment variable? Did you forget to activate a virtual environment?
2026-01-02 04:49:34 +00:00: Traceback (most recent call last):
2026-01-02 04:49:34 +00:00:   File "/var/www/spirit-bead-backend/manage.py", line 11, in main
2026-01-02 04:49:34 +00:00:     from django.core.management import execute_from_command_line
2026-01-02 04:49:34 +00:00: ModuleNotFoundError: No module named 'django'
2026-01-02 04:49:34 +00:00: 
2026-01-02 04:49:34 +00:00: The above exception was the direct cause of the following exception:
2026-01-02 04:49:34 +00:00: 
2026-01-02 04:49:34 +00:00: Traceback (most recent call last):
2026-01-02 04:49:34 +00:00:   File "/var/www/spirit-bead-backend/manage.py", line 22, in <module>
2026-01-02 04:49:34 +00:00:     main()
2026-01-02 04:49:34 +00:00:   File "/var/www/spirit-bead-backend/manage.py", line 13, in main
2026-01-02 04:49:34 +00:00:     raise ImportError(
2026-01-02 04:49:34 +00:00: ImportError: Couldn't import Django. Are you sure it's installed and available on your PYTHONPATH environment variable? Did you forget to activate a virtual environment?
2026-01-02 04:49:34 +00:00: Traceback (most recent call last):
2026-01-02 04:49:34 +00:00:   File "/var/www/spirit-bead-backend/manage.py", line 11, in main
2026-01-02 04:49:34 +00:00:     from django.core.management import execute_from_command_line
2026-01-02 04:49:34 +00:00: ModuleNotFoundError: No module named 'django'
2026-01-02 04:49:34 +00:00: 
2026-01-02 04:49:34 +00:00: The above exception was the direct cause of the following exception:
2026-01-02 04:49:34 +00:00: 
2026-01-02 04:49:34 +00:00: Traceback (most recent call last):
2026-01-02 04:49:34 +00:00:   File "/var/www/spirit-bead-backend/manage.py", line 22, in <module>
2026-01-02 04:49:34 +00:00:     main()
2026-01-02 04:49:34 +00:00:   File "/var/www/spirit-bead-backend/manage.py", line 13, in main
2026-01-02 04:49:34 +00:00:     raise ImportError(
2026-01-02 04:49:34 +00:00: ImportError: Couldn't import Django. Are you sure it's installed and available on your PYTHONPATH environment variable? Did you forget to activate a virtual environment?
2026-01-02 04:49:34 +00:00: Traceback (most recent call last):
2026-01-02 04:49:34 +00:00:   File "/var/www/spirit-bead-backend/manage.py", line 11, in main
2026-01-02 04:49:34 +00:00:     from django.core.management import execute_from_command_line
2026-01-02 04:49:34 +00:00: ModuleNotFoundError: No module named 'django'
2026-01-02 04:49:34 +00:00: 
2026-01-02 04:49:34 +00:00: The above exception was the direct cause of the following exception:
2026-01-02 04:49:34 +00:00: 
2026-01-02 04:49:34 +00:00: Traceback (most recent call last):
2026-01-02 04:49:34 +00:00:   File "/var/www/spirit-bead-backend/manage.py", line 22, in <module>
2026-01-02 04:49:34 +00:00:     main()
2026-01-02 04:49:34 +00:00:   File "/var/www/spirit-bead-backend/manage.py", line 13, in main
2026-01-02 04:49:34 +00:00:     raise ImportError(
2026-01-02 04:49:34 +00:00: ImportError: Couldn't import Django. Are you sure it's installed and available on your PYTHONPATH environment variable? Did you forget to activate a virtual environment?
2026-01-02 04:49:34 +00:00: Traceback (most recent call last):
2026-01-02 04:49:34 +00:00:   File "/var/www/spirit-bead-backend/manage.py", line 11, in main
2026-01-02 04:49:34 +00:00:     from django.core.management import execute_from_command_line
2026-01-02 04:49:34 +00:00: ModuleNotFoundError: No module named 'django'
2026-01-02 04:49:34 +00:00: 
2026-01-02 04:49:34 +00:00: The above exception was the direct cause of the following exception:
2026-01-02 04:49:34 +00:00: 
2026-01-02 04:49:34 +00:00: Traceback (most recent call last):
2026-01-02 04:49:34 +00:00:   File "/var/www/spirit-bead-backend/manage.py", line 22, in <module>
2026-01-02 04:49:34 +00:00:     main()
2026-01-02 04:49:34 +00:00:   File "/var/www/spirit-bead-backend/manage.py", line 13, in main
2026-01-02 04:49:34 +00:00:     raise ImportError(
2026-01-02 04:49:34 +00:00: ImportError: Couldn't import Django. Are you sure it's installed and available on your PYTHONPATH environment variable? Did you forget to activate a virtual environment?
2026-01-02 04:49:35 +00:00: Traceback (most recent call last):
2026-01-02 04:49:35 +00:00:   File "/var/www/spirit-bead-backend/manage.py", line 11, in main
2026-01-02 04:49:35 +00:00:     from django.core.management import execute_from_command_line
2026-01-02 04:49:35 +00:00: ModuleNotFoundError: No module named 'django'
2026-01-02 04:49:35 +00:00: 
2026-01-02 04:49:35 +00:00: The above exception was the direct cause of the following exception:
2026-01-02 04:49:35 +00:00: 
2026-01-02 04:49:35 +00:00: Traceback (most recent call last):
2026-01-02 04:49:35 +00:00:   File "/var/www/spirit-bead-backend/manage.py", line 22, in <module>
2026-01-02 04:49:35 +00:00:     main()
2026-01-02 04:49:35 +00:00:   File "/var/www/spirit-bead-backend/manage.py", line 13, in main
2026-01-02 04:49:35 +00:00:     raise ImportError(
2026-01-02 04:49:35 +00:00: ImportError: Couldn't import Django. Are you sure it's installed and available on your PYTHONPATH environment variable? Did you forget to activate a virtual environment?
2026-01-02 04:49:35 +00:00: Traceback (most recent call last):
2026-01-02 04:49:35 +00:00:   File "/var/www/spirit-bead-backend/manage.py", line 11, in main
2026-01-02 04:49:35 +00:00:     from django.core.management import execute_from_command_line
2026-01-02 04:49:35 +00:00: ModuleNotFoundError: No module named 'django'
2026-01-02 04:49:35 +00:00: 
2026-01-02 04:49:35 +00:00: The above exception was the direct cause of the following exception:
2026-01-02 04:49:35 +00:00: 
2026-01-02 04:49:35 +00:00: Traceback (most recent call last):
2026-01-02 04:49:35 +00:00:   File "/var/www/spirit-bead-backend/manage.py", line 22, in <module>
2026-01-02 04:49:35 +00:00:     main()
2026-01-02 04:49:35 +00:00:   File "/var/www/spirit-bead-backend/manage.py", line 13, in main
2026-01-02 04:49:35 +00:00:     raise ImportError(
2026-01-02 04:49:35 +00:00: ImportError: Couldn't import Django. Are you sure it's installed and available on your PYTHONPATH environment variable? Did you forget to activate a virtual environment?
2026-01-02 04:49:35 +00:00: Traceback (most recent call last):
2026-01-02 04:49:35 +00:00:   File "/var/www/spirit-bead-backend/manage.py", line 11, in main
2026-01-02 04:49:35 +00:00:     from django.core.management import execute_from_command_line
2026-01-02 04:49:35 +00:00: ModuleNotFoundError: No module named 'django'
2026-01-02 04:49:35 +00:00: 
2026-01-02 04:49:35 +00:00: The above exception was the direct cause of the following exception:
2026-01-02 04:49:35 +00:00: 
2026-01-02 04:49:35 +00:00: Traceback (most recent call last):
2026-01-02 04:49:35 +00:00:   File "/var/www/spirit-bead-backend/manage.py", line 22, in <module>
2026-01-02 04:49:35 +00:00:     main()
2026-01-02 04:49:35 +00:00:   File "/var/www/spirit-bead-backend/manage.py", line 13, in main
2026-01-02 04:49:35 +00:00:     raise ImportError(
2026-01-02 04:49:35 +00:00: ImportError: Couldn't import Django. Are you sure it's installed and available on your PYTHONPATH environment variable? Did you forget to activate a virtual environment?
2026-01-02 04:49:35 +00:00: Traceback (most recent call last):
2026-01-02 04:49:35 +00:00:   File "/var/www/spirit-bead-backend/manage.py", line 11, in main
2026-01-02 04:49:35 +00:00:     from django.core.management import execute_from_command_line
2026-01-02 04:49:35 +00:00: ModuleNotFoundError: No module named 'django'
2026-01-02 04:49:35 +00:00: 
2026-01-02 04:49:35 +00:00: The above exception was the direct cause of the following exception:
2026-01-02 04:49:35 +00:00: 
2026-01-02 04:49:35 +00:00: Traceback (most recent call last):
2026-01-02 04:49:35 +00:00:   File "/var/www/spirit-bead-backend/manage.py", line 22, in <module>
2026-01-02 04:49:35 +00:00:     main()
2026-01-02 04:49:35 +00:00:   File "/var/www/spirit-bead-backend/manage.py", line 13, in main
2026-01-02 04:49:35 +00:00:     raise ImportError(
2026-01-02 04:49:35 +00:00: ImportError: Couldn't import Django. Are you sure it's installed and available on your PYTHONPATH environment variable? Did you forget to activate a virtual environment?
2026-01-02 04:49:35 +00:00: Traceback (most recent call last):
2026-01-02 04:49:35 +00:00:   File "/var/www/spirit-bead-backend/manage.py", line 11, in main
2026-01-02 04:49:35 +00:00:     from django.core.management import execute_from_command_line
2026-01-02 04:49:35 +00:00: ModuleNotFoundError: No module named 'django'
2026-01-02 04:49:35 +00:00: 
2026-01-02 04:49:35 +00:00: The above exception was the direct cause of the following exception:
2026-01-02 04:49:35 +00:00: 
2026-01-02 04:49:35 +00:00: Traceback (most recent call last):
2026-01-02 04:49:35 +00:00:   File "/var/www/spirit-bead-backend/manage.py", line 22, in <module>
2026-01-02 04:49:35 +00:00:     main()
2026-01-02 04:49:35 +00:00:   File "/var/www/spirit-bead-backend/manage.py", line 13, in main
2026-01-02 04:49:35 +00:00:     raise ImportError(
2026-01-02 04:49:35 +00:00: ImportError: Couldn't import Django. Are you sure it's installed and available on your PYTHONPATH environment variable? Did you forget to activate a virtual environment?
2026-01-02 04:49:35 +00:00: Traceback (most recent call last):
2026-01-02 04:49:35 +00:00:   File "/var/www/spirit-bead-backend/manage.py", line 11, in main
2026-01-02 04:49:35 +00:00:     from django.core.management import execute_from_command_line
2026-01-02 04:49:35 +00:00: ModuleNotFoundError: No module named 'django'
2026-01-02 04:49:35 +00:00: 
2026-01-02 04:49:35 +00:00: The above exception was the direct cause of the following exception:
2026-01-02 04:49:35 +00:00: 
2026-01-02 04:49:35 +00:00: Traceback (most recent call last):
2026-01-02 04:49:35 +00:00:   File "/var/www/spirit-bead-backend/manage.py", line 22, in <module>
2026-01-02 04:49:35 +00:00:     main()
2026-01-02 04:49:35 +00:00:   File "/var/www/spirit-bead-backend/manage.py", line 13, in main
2026-01-02 04:49:35 +00:00:     raise ImportError(
2026-01-02 04:49:35 +00:00: ImportError: Couldn't import Django. Are you sure it's installed and available on your PYTHONPATH environment variable? Did you forget to activate a virtual environment?
2026-01-02 04:49:35 +00:00: Traceback (most recent call last):
2026-01-02 04:49:35 +00:00:   File "/var/www/spirit-bead-backend/manage.py", line 11, in main
2026-01-02 04:49:35 +00:00:     from django.core.management import execute_from_command_line
2026-01-02 04:49:35 +00:00: ModuleNotFoundError: No module named 'django'
2026-01-02 04:49:35 +00:00: 
2026-01-02 04:49:35 +00:00: The above exception was the direct cause of the following exception:
2026-01-02 04:49:35 +00:00: 
2026-01-02 04:49:35 +00:00: Traceback (most recent call last):
2026-01-02 04:49:35 +00:00:   File "/var/www/spirit-bead-backend/manage.py", line 22, in <module>
2026-01-02 04:49:35 +00:00:     main()
2026-01-02 04:49:35 +00:00:   File "/var/www/spirit-bead-backend/manage.py", line 13, in main
2026-01-02 04:49:35 +00:00:     raise ImportError(
2026-01-02 04:49:35 +00:00: ImportError: Couldn't import Django. Are you sure it's installed and available on your PYTHONPATH environment variable? Did you forget to activate a virtual environment?
2026-01-02 05:09:06 +00:00: Watching for file changes with StatReloader
2026-01-02 05:09:06 +00:00: Exception in thread django-main-thread:
2026-01-02 05:09:06 +00:00: Traceback (most recent call last):
2026-01-02 05:09:06 +00:00:   File "/usr/lib64/python3.12/threading.py", line 1075, in _bootstrap_inner
2026-01-02 05:09:06 +00:00:     
2026-01-02 05:09:06 +00:00: self.run()
2026-01-02 05:09:06 +00:00: 
2026-01-02 05:09:06 +00:00:   File "/usr/lib64/python3.12/threading.py", line 1012, in run
2026-01-02 05:09:06 +00:00:     
2026-01-02 05:09:06 +00:00: self._target(*self._args, **self._kwargs)
2026-01-02 05:09:06 +00:00:   File "/var/www/spirit-bead-backend/venv/lib64/python3.12/site-packages/django/utils/autoreload.py", line 64, in wrapper
2026-01-02 05:09:06 +00:00:     fn(*args, **kwargs)
2026-01-02 05:09:06 +00:00:   File "/var/www/spirit-bead-backend/venv/lib64/python3.12/site-packages/django/core/management/commands/runserver.py", line 136, in inner_run
2026-01-02 05:09:06 +00:00:     self.check_migrations()
2026-01-02 05:09:06 +00:00:   File "/var/www/spirit-bead-backend/venv/lib64/python3.12/site-packages/django/core/management/base.py", line 574, in check_migrations
2026-01-02 05:09:06 +00:00:     executor = MigrationExecutor(connections[DEFAULT_DB_ALIAS])
2026-01-02 05:09:06 +00:00:            ^^^^^^^^^^^^^^^^^^^^^^^^^^^^^^^^^^^^^^^^^^^^^^^^
2026-01-02 05:09:06 +00:00:   File "/var/www/spirit-bead-backend/venv/lib64/python3.12/site-packages/django/db/migrations/executor.py", line 18, in __init__
2026-01-02 05:09:06 +00:00:     self.loader = MigrationLoader(self.connection)
2026-01-02 05:09:06 +00:00:                   ^^^^^^^^^^^^^^^^^^^^^^^^^^^^^^^^
2026-01-02 05:09:06 +00:00:   File "/var/www/spirit-bead-backend/venv/lib64/python3.12/site-packages/django/db/migrations/loader.py", line 58, in __init__
2026-01-02 05:09:06 +00:00:     self.build_graph()
2026-01-02 05:09:06 +00:00:   File "/var/www/spirit-bead-backend/venv/lib64/python3.12/site-packages/django/db/migrations/loader.py", line 229, in build_graph
2026-01-02 05:09:06 +00:00:     self.load_disk()
2026-01-02 05:09:06 +00:00:   File "/var/www/spirit-bead-backend/venv/lib64/python3.12/site-packages/django/db/migrations/loader.py", line 130, in load_disk
2026-01-02 05:09:06 +00:00:     raise BadMigrationError(
2026-01-02 05:09:06 +00:00: django.db.migrations.exceptions.BadMigrationError: Migration 0003_create_sample_images in app products has no Migration class
2026-01-02 05:11:46 +00:00: Watching for file changes with StatReloader
2026-01-02 05:11:56 +00:00: [02/Jan/2026 05:11:56] "GET /api/products/ HTTP/1.1" 200 2053
2026-01-02 05:11:56 +00:00: [02/Jan/2026 05:11:56] "GET /media/products/product-2.jpg HTTP/1.1" 200 89098
2026-01-02 05:11:56 +00:00: [02/Jan/2026 05:11:56] "GET /media/products/raven.webp HTTP/1.1" 200 55004
2026-01-02 05:11:56 +00:00: [02/Jan/2026 05:11:56] "GET /media/products/product-3.jpg HTTP/1.1" 200 97257
2026-01-02 05:11:56 +00:00: [02/Jan/2026 05:11:56] "GET /media/products/product-1.jpg HTTP/1.1" 200 189715
2026-01-02 05:11:56 +00:00: [02/Jan/2026 05:11:56] "GET /media/products/product-4.jpg HTTP/1.1" 200 78072
2026-01-02 05:11:56 +00:00: [02/Jan/2026 05:11:56] "GET /media/products/product-6.jpg HTTP/1.1" 200 84486
2026-01-02 05:11:56 +00:00: [02/Jan/2026 05:11:56] "GET /media/products/product-5.jpg HTTP/1.1" 200 91366
2026-01-02 05:12:01 +00:00: [02/Jan/2026 05:12:01] "GET /api/products/ HTTP/1.1" 200 2053
2026-01-02 05:12:13 +00:00: Forbidden: /api/payments/create-checkout-session/
2026-01-02 05:12:13 +00:00: [02/Jan/2026 05:12:13] "POST /api/payments/create-checkout-session/ HTTP/1.1" 403 45
2026-01-02 05:14:45 +00:00: /var/www/spirit-bead-backend/spiritbead/settings.py changed, reloading.
2026-01-02 05:14:48 +00:00: Watching for file changes with StatReloader
2026-01-02 05:14:54 +00:00: /var/www/spirit-bead-backend/payments/views.py changed, reloading.
2026-01-02 05:14:56 +00:00: Watching for file changes with StatReloader
2026-01-02 05:15:08 +00:00: Watching for file changes with StatReloader
2026-01-02 05:16:45 +00:00: Forbidden: /api/payments/create-checkout-session/
2026-01-02 05:16:45 +00:00: [02/Jan/2026 05:16:45] "POST /api/payments/create-checkout-session/ HTTP/1.1" 403 45
2026-01-02 05:17:40 +00:00: /var/www/spirit-bead-backend/spiritbead/settings.py changed, reloading.
2026-01-02 05:17:41 +00:00: Watching for file changes with StatReloader
2026-01-02 05:17:42 +00:00: Exception in thread django-main-thread:
2026-01-02 05:17:42 +00:00: Traceback (most recent call last):
2026-01-02 05:17:42 +00:00:   File "/var/www/spirit-bead-backend/venv/lib64/python3.12/site-packages/django/utils/module_loading.py", line 30, in import_string
2026-01-02 05:17:42 +00:00:     return cached_import(module_path, class_name)
2026-01-02 05:17:42 +00:00:            ^^^^^^^^^^^^^^^^^^^^^^^^^^^^^^^^^^^^^^
2026-01-02 05:17:42 +00:00:   File "/var/www/spirit-bead-backend/venv/lib64/python3.12/site-packages/django/utils/module_loading.py", line 15, in cached_import
2026-01-02 05:17:42 +00:00:     module = import_module(module_path)
2026-01-02 05:17:42 +00:00:              ^^^^^^^^^^^^^^^^^^^^^^^^^^
2026-01-02 05:17:42 +00:00:   File "/usr/lib64/python3.12/importlib/__init__.py", line 90, in import_module
2026-01-02 05:17:42 +00:00:     return _bootstrap._gcd_import(name[level:], package, level)
2026-01-02 05:17:42 +00:00:            ^^^^^^^^^^^^^^^^^^^^^^^^^^^^^^^^^^^^^^^^^^^^^^^^^^^^
2026-01-02 05:17:42 +00:00:   File "<frozen importlib._bootstrap>", line 1387, in _gcd_import
2026-01-02 05:17:42 +00:00:   File "<frozen importlib._bootstrap>", line 1360, in _find_and_load
2026-01-02 05:17:42 +00:00:   File "<frozen importlib._bootstrap>", line 1331, in _find_and_load_unlocked
2026-01-02 05:17:42 +00:00:   File "<frozen importlib._bootstrap>", line 935, in _load_unlocked
2026-01-02 05:17:42 +00:00:   File "<frozen importlib._bootstrap_external>", line 999, in exec_module
2026-01-02 05:17:42 +00:00:   File "<frozen importlib._bootstrap>", line 488, in _call_with_frames_removed
2026-01-02 05:17:42 +00:00:   File "/var/www/spirit-bead-backend/spiritbead/wsgi.py", line 16, in <module>
2026-01-02 05:17:42 +00:00:     application = get_wsgi_application()
2026-01-02 05:17:42 +00:00:                   ^^^^^^^^^^^^^^^^^^^^^^
2026-01-02 05:17:42 +00:00:   File "/var/www/spirit-bead-backend/venv/lib64/python3.12/site-packages/django/core/wsgi.py", line 13, in get_wsgi_application
2026-01-02 05:17:42 +00:00:     return WSGIHandler()
2026-01-02 05:17:42 +00:00:            ^^^^^^^^^^^^^
2026-01-02 05:17:42 +00:00:   File "/var/www/spirit-bead-backend/venv/lib64/python3.12/site-packages/django/core/handlers/wsgi.py", line 118, in __init__
2026-01-02 05:17:42 +00:00:     self.load_middleware()
2026-01-02 05:17:42 +00:00:   File "/var/www/spirit-bead-backend/venv/lib64/python3.12/site-packages/django/core/handlers/base.py", line 40, in load_middleware
2026-01-02 05:17:42 +00:00:     middleware = import_string(middleware_path)
2026-01-02 05:17:42 +00:00:                  ^^^^^^^^^^^^^^^^^^^^^^^^^^^^^^
2026-01-02 05:17:42 +00:00:   File "/var/www/spirit-bead-backend/venv/lib64/python3.12/site-packages/django/utils/module_loading.py", line 25, in import_string
2026-01-02 05:17:42 +00:00:     module_path, class_name = dotted_path.rsplit(".", 1)
2026-01-02 05:17:42 +00:00:                               ^^^^^^^^^^^^^^^^^^
2026-01-02 05:17:42 +00:00: AttributeError: type object 'DisableCSRFMiddleware' has no attribute 'rsplit'
2026-01-02 05:17:42 +00:00: 
2026-01-02 05:17:42 +00:00: The above exception was the direct cause of the following exception:
2026-01-02 05:17:42 +00:00: 
2026-01-02 05:17:42 +00:00: Traceback (most recent call last):
2026-01-02 05:17:42 +00:00:   File "/var/www/spirit-bead-backend/venv/lib64/python3.12/site-packages/django/core/servers/basehttp.py", line 48, in get_internal_wsgi_application
2026-01-02 05:17:42 +00:00:     return import_string(app_path)
2026-01-02 05:17:42 +00:00:            ^^^^^^^^^^^^^^^^^^^^^^^
2026-01-02 05:17:42 +00:00:   File "/var/www/spirit-bead-backend/venv/lib64/python3.12/site-packages/django/utils/module_loading.py", line 32, in import_string
2026-01-02 05:17:42 +00:00:     raise ImportError(
2026-01-02 05:17:42 +00:00: ImportError: Module "spiritbead.wsgi" does not define a "application" attribute/class
2026-01-02 05:17:42 +00:00: 
2026-01-02 05:17:42 +00:00: The above exception was the direct cause of the following exception:
2026-01-02 05:17:42 +00:00: 
2026-01-02 05:17:42 +00:00: Traceback (most recent call last):
2026-01-02 05:17:42 +00:00:   File "/usr/lib64/python3.12/threading.py", line 1075, in _bootstrap_inner
2026-01-02 05:17:42 +00:00:     self.run()
2026-01-02 05:17:42 +00:00:   File "/usr/lib64/python3.12/threading.py", line 1012, in run
2026-01-02 05:17:42 +00:00:     self._target(*self._args, **self._kwargs)
2026-01-02 05:17:42 +00:00:   File "/var/www/spirit-bead-backend/venv/lib64/python3.12/site-packages/django/utils/autoreload.py", line 64, in wrapper
2026-01-02 05:17:42 +00:00:     fn(*args, **kwargs)
2026-01-02 05:17:42 +00:00:   File "/var/www/spirit-bead-backend/venv/lib64/python3.12/site-packages/django/core/management/commands/runserver.py", line 139, in inner_run
2026-01-02 05:17:42 +00:00:     handler = self.get_handler(*args, **options)
2026-01-02 05:17:42 +00:00:               ^^^^^^^^^^^^^^^^^^^^^^^^^^^^^^^^^^
2026-01-02 05:17:42 +00:00:   File "/var/www/spirit-bead-backend/venv/lib64/python3.12/site-packages/django/contrib/staticfiles/management/commands/runserver.py", line 31, in get_handler
2026-01-02 05:17:42 +00:00:     handler = super().get_handler(*args, **options)
2026-01-02 05:17:42 +00:00:               ^^^^^^^^^^^^^^^^^^^^^^^^^^^^^^^^^^^^^
2026-01-02 05:17:42 +00:00:   File "/var/www/spirit-bead-backend/venv/lib64/python3.12/site-packages/django/core/management/commands/runserver.py", line 78, in get_handler
2026-01-02 05:17:42 +00:00:     return get_internal_wsgi_application()
2026-01-02 05:17:42 +00:00:            ^^^^^^^^^^^^^^^^^^^^^^^^^^^^^^^
2026-01-02 05:17:42 +00:00:   File "/var/www/spirit-bead-backend/venv/lib64/python3.12/site-packages/django/core/servers/basehttp.py", line 50, in get_internal_wsgi_application
2026-01-02 05:17:42 +00:00:     raise ImproperlyConfigured(
2026-01-02 05:17:42 +00:00: django.core.exceptions.ImproperlyConfigured: WSGI application 'spiritbead.wsgi.application' could not be loaded; Error importing module.
2026-01-02 05:17:53 +00:00: Watching for file changes with StatReloader
2026-01-02 05:17:54 +00:00: Exception in thread 
2026-01-02 05:17:54 +00:00: django-main-thread
2026-01-02 05:17:54 +00:00: :
2026-01-02 05:17:54 +00:00: Traceback (most recent call last):
2026-01-02 05:17:54 +00:00:   File "/var/www/spirit-bead-backend/venv/lib64/python3.12/site-packages/django/utils/module_loading.py", line 30, in import_string
2026-01-02 05:17:54 +00:00:     return cached_import(module_path, class_name)
2026-01-02 05:17:54 +00:00:      ^^^^^^^^^^^^^^^^^^^^^^^^^^^^^^^^^^^^^^
2026-01-02 05:17:54 +00:00:   File "/var/www/spirit-bead-backend/venv/lib64/python3.12/site-packages/django/utils/module_loading.py", line 15, in cached_import
2026-01-02 05:17:54 +00:00:     module = import_module(module_path)
2026-01-02 05:17:54 +00:00:          ^^^^^^^^^^^^^^^^^^^^^^^^^^
2026-01-02 05:17:54 +00:00:   File "/usr/lib64/python3.12/importlib/__init__.py", line 90, in import_module
2026-01-02 05:17:54 +00:00:     return _bootstrap._gcd_import(name[level:], package, level)
2026-01-02 05:17:54 +00:00:            ^^^^^^^^^^^^^^^^^^^^^^^^^^^^^^^^^^^^^^^^^^^^^^^^^^^^
2026-01-02 05:17:54 +00:00:   File "<frozen importlib._bootstrap>", line 1387, in _gcd_import
2026-01-02 05:17:54 +00:00:   File "<frozen importlib._bootstrap>", line 1360, in _find_and_load
2026-01-02 05:17:54 +00:00:   File "<frozen importlib._bootstrap>", line 1331, in _find_and_load_unlocked
2026-01-02 05:17:54 +00:00:   File "<frozen importlib._bootstrap>", line 935, in _load_unlocked
2026-01-02 05:17:54 +00:00:   File "<frozen importlib._bootstrap_external>", line 999, in exec_module
2026-01-02 05:17:54 +00:00:   File "<frozen importlib._bootstrap>", line 488, in _call_with_frames_removed
2026-01-02 05:17:54 +00:00:   File "/var/www/spirit-bead-backend/spiritbead/wsgi.py", line 16, in <module>
2026-01-02 05:17:54 +00:00:     application = get_wsgi_application()
2026-01-02 05:17:54 +00:00:              ^^^^^^^^^^^^^^^^^^^^^^
2026-01-02 05:17:54 +00:00:   File "/var/www/spirit-bead-backend/venv/lib64/python3.12/site-packages/django/core/wsgi.py", line 13, in get_wsgi_application
2026-01-02 05:17:54 +00:00:     return WSGIHandler()
2026-01-02 05:17:54 +00:00:    ^^^^^^^^^^^^^
2026-01-02 05:17:54 +00:00:   File "/var/www/spirit-bead-backend/venv/lib64/python3.12/site-packages/django/core/handlers/wsgi.py", line 118, in __init__
2026-01-02 05:17:54 +00:00:     self.load_middleware()
2026-01-02 05:17:54 +00:00:   File "/var/www/spirit-bead-backend/venv/lib64/python3.12/site-packages/django/core/handlers/base.py", line 40, in load_middleware
2026-01-02 05:17:54 +00:00:     middleware = import_string(middleware_path)
2026-01-02 05:17:54 +00:00:   
2026-01-02 05:17:54 +00:00: ^^^^^^^^^^^^^^^^^^^^^^^^^^^^^^
2026-01-02 05:17:54 +00:00:   File "/var/www/spirit-bead-backend/venv/lib64/python3.12/site-packages/django/utils/module_loading.py", line 25, in import_string
2026-01-02 05:17:54 +00:00:     module_path, class_name = dotted_path.rsplit(".", 1)
2026-01-02 05:17:54 +00:00:                            ^^^^^^^^^^^^^^^^^^
2026-01-02 05:17:54 +00:00: : type object 'DisableCSRFMiddleware' has no attribute 'rsplit'
2026-01-02 05:17:54 +00:00: 
2026-01-02 05:17:54 +00:00: The above exception was the direct cause of the following exception:
2026-01-02 05:17:54 +00:00: 
2026-01-02 05:17:54 +00:00: Traceback (most recent call last):
2026-01-02 05:17:54 +00:00:   File "/var/www/spirit-bead-backend/venv/lib64/python3.12/site-packages/django/core/servers/basehttp.py", line 48, in get_internal_wsgi_application
2026-01-02 05:17:54 +00:00:     return import_string(app_path)
2026-01-02 05:17:54 +00:00:            ^^^^^^^^^^^^^^^^^^^^^^^
2026-01-02 05:17:54 +00:00:   File "/var/www/spirit-bead-backend/venv/lib64/python3.12/site-packages/django/utils/module_loading.py", line 32, in import_string
2026-01-02 05:17:54 +00:00:     raise ImportError(
2026-01-02 05:17:54 +00:00: ImportError: Module "spiritbead.wsgi" does not define a "application" attribute/class
2026-01-02 05:17:54 +00:00: 
2026-01-02 05:17:54 +00:00: The above exception was the direct cause of the following exception:
2026-01-02 05:17:54 +00:00: 
2026-01-02 05:17:54 +00:00: Traceback (most recent call last):
2026-01-02 05:17:54 +00:00:   File "/usr/lib64/python3.12/threading.py", line 1075, in _bootstrap_inner
2026-01-02 05:17:54 +00:00:     self.run()
2026-01-02 05:17:54 +00:00:   File "/usr/lib64/python3.12/threading.py", line 1012, in run
2026-01-02 05:17:54 +00:00:     self._target(*self._args, **self._kwargs)
2026-01-02 05:17:54 +00:00:   File "/var/www/spirit-bead-backend/venv/lib64/python3.12/site-packages/django/utils/autoreload.py", line 64, in wrapper
2026-01-02 05:17:54 +00:00:     fn(*args, **kwargs)
2026-01-02 05:17:54 +00:00:   File "/var/www/spirit-bead-backend/venv/lib64/python3.12/site-packages/django/core/management/commands/runserver.py", line 139, in inner_run
2026-01-02 05:17:54 +00:00:     handler = self.get_handler(*args, **options)
2026-01-02 05:17:54 +00:00:               ^^^^^^^^^^^^^^^^^^^^^^^^^^^^^^^^^^
2026-01-02 05:17:54 +00:00:   File "/var/www/spirit-bead-backend/venv/lib64/python3.12/site-packages/django/contrib/staticfiles/management/commands/runserver.py", line 31, in get_handler
2026-01-02 05:17:54 +00:00:     handler = super().get_handler(*args, **options)
2026-01-02 05:17:54 +00:00: ^^^^^^^^^^^^^^^
2026-01-02 05:17:54 +00:00:   File "/var/www/spirit-bead-backend/venv/lib64/python3.12/site-packages/django/core/management/commands/runserver.py", line 78, in get_handler
2026-01-02 05:17:54 +00:00:     return get_internal_wsgi_application()
2026-01-02 05:17:54 +00:00:            ^^^^^^^^^^^^^^^^^^^^^^^^^^^^^^^
2026-01-02 05:17:54 +00:00:   File "/var/www/spirit-bead-backend/venv/lib64/python3.12/site-packages/django/core/servers/basehttp.py", line 50, in get_internal_wsgi_application
2026-01-02 05:17:54 +00:00:     raise ImproperlyConfigured(
2026-01-02 05:17:54 +00:00: django.core.exceptions.ImproperlyConfigured: WSGI application 'spiritbead.wsgi.application' could not be loaded; Error importing module.
2026-01-02 05:18:32 +00:00: /var/www/spirit-bead-backend/spiritbead/settings.py changed, reloading.
2026-01-02 05:18:33 +00:00: Watching for file changes with StatReloader
2026-01-02 05:18:38 +00:00: [02/Jan/2026 05:18:38] "GET /api/products/ HTTP/1.1" 200 2053
2026-01-02 05:18:38 +00:00: [02/Jan/2026 05:18:38] "GET /api/products/ HTTP/1.1" 200 2053
2026-01-02 05:18:38 +00:00: /var/www/spirit-bead-backend/spiritbead/settings.py changed, reloading.
2026-01-02 05:18:39 +00:00: Watching for file changes with StatReloader
2026-01-02 05:18:43 +00:00: Forbidden: /api/payments/create-checkout-session/
2026-01-02 05:18:43 +00:00: [02/Jan/2026 05:18:43] "POST /api/payments/create-checkout-session/ HTTP/1.1" 403 45
2026-01-02 05:18:43 +00:00: /var/www/spirit-bead-backend/spiritbead/settings.py changed, reloading.
2026-01-02 05:18:44 +00:00: Watching for file changes with StatReloader
2026-01-02 05:18:46 +00:00: /var/www/spirit-bead-backend/payments/views.py changed, reloading.
2026-01-02 05:18:48 +00:00: Watching for file changes with StatReloader
2026-01-02 05:18:51 +00:00: /var/www/spirit-bead-backend/payments/views.py changed, reloading.
2026-01-02 05:18:52 +00:00: Watching for file changes with StatReloader
2026-01-02 05:18:57 +00:00: /var/www/spirit-bead-backend/payments/views.py changed, reloading.
2026-01-02 05:18:57 +00:00: Watching for file changes with StatReloader
2026-01-02 05:19:07 +00:00: Watching for file changes with StatReloader
2026-01-02 05:22:04 +00:00: Forbidden: /api/payments/create-checkout-session/
2026-01-02 05:22:04 +00:00: [02/Jan/2026 05:22:04] "POST /api/payments/create-checkout-session/ HTTP/1.1" 403 45
2026-01-02 05:22:59 +00:00: Watching for file changes with StatReloader
2026-01-02 05:23:03 +00:00: Bad Request: /api/payments/create-checkout-session/
2026-01-02 05:23:03 +00:00: [02/Jan/2026 05:23:03] "POST /api/payments/create-checkout-session/ HTTP/1.1" 400 72
2026-01-02 05:23:47 +00:00: /var/www/spirit-bead-backend/spiritbead/settings.py changed, reloading.
2026-01-02 05:23:48 +00:00: Watching for file changes with StatReloader
2026-01-02 05:23:50 +00:00: /var/www/spirit-bead-backend/spiritbead/settings.py changed, reloading.
2026-01-02 05:23:51 +00:00: Watching for file changes with StatReloader
2026-01-02 05:24:00 +00:00: Watching for file changes with StatReloader
2026-01-02 05:24:24 +00:00: [02/Jan/2026 05:24:24] "GET /api/products/ HTTP/1.1" 200 2053
2026-01-02 05:24:24 +00:00: [02/Jan/2026 05:24:24] "GET /api/products/ HTTP/1.1" 200 2053
2026-01-02 05:24:27 +00:00: Forbidden: /api/payments/create-checkout-session/
2026-01-02 05:24:27 +00:00: [02/Jan/2026 05:24:27] "POST /api/payments/create-checkout-session/ HTTP/1.1" 403 45
2026-01-02 05:25:03 +00:00: /var/www/spirit-bead-backend/payments/views.py changed, reloading.
2026-01-02 05:25:06 +00:00: Watching for file changes with StatReloader
2026-01-02 05:25:15 +00:00: Watching for file changes with StatReloader
2026-01-02 05:25:16 +00:00: Internal Server Error: /api/payments/create-checkout-session/
2026-01-02 05:25:16 +00:00: Traceback (most recent call last):
2026-01-02 05:25:16 +00:00:   File "/var/www/spirit-bead-backend/venv/lib64/python3.12/site-packages/django/core/handlers/exception.py", line 55, in inner
2026-01-02 05:25:16 +00:00:     response = get_response(request)
2026-01-02 05:25:16 +00:00:                ^^^^^^^^^^^^^^^^^^^^^
2026-01-02 05:25:16 +00:00:   File "/var/www/spirit-bead-backend/venv/lib64/python3.12/site-packages/django/core/handlers/base.py", line 197, in _get_response
2026-01-02 05:25:16 +00:00:     response = wrapped_callback(request, *callback_args, **callback_kwargs)
2026-01-02 05:25:16 +00:00:                ^^^^^^^^^^^^^^^^^^^^^^^^^^^^^^^^^^^^^^^^^^^^^^^^^^^^^^^^^^^^
2026-01-02 05:25:16 +00:00:   File "/var/www/spirit-bead-backend/venv/lib64/python3.12/site-packages/django/views/decorators/http.py", line 43, in inner
2026-01-02 05:25:16 +00:00:     return func(request, *args, **kwargs)
2026-01-02 05:25:16 +00:00:            ^^^^^^^^^^^^^^^^^^^^^^^^^^^^^^
2026-01-02 05:25:16 +00:00:   File "/var/www/spirit-bead-backend/venv/lib64/python3.12/site-packages/django/views/decorators/csrf.py", line 56, in wrapper_view
2026-01-02 05:25:16 +00:00:     return view_func(*args, **kwargs)
2026-01-02 05:25:16 +00:00:            ^^^^^^^^^^^^^^^^^^^^^^^^^^
2026-01-02 05:25:16 +00:00:   File "/var/www/spirit-bead-backend/payments/views.py", line 25, in create_checkout_session
2026-01-02 05:25:16 +00:00:     cart_items = request.data.get("items")
2026-01-02 05:25:16 +00:00:                  ^^^^^^^^^^^^
2026-01-02 05:25:16 +00:00: AttributeError: 'WSGIRequest' object has no attribute 'data'
2026-01-02 05:25:16 +00:00: [02/Jan/2026 05:25:16] "POST /api/payments/create-checkout-session/ HTTP/1.1" 500 84485
2026-01-02 05:25:16 +00:00: Internal Server Error: /api/payments/create-checkout-session/
2026-01-02 05:25:16 +00:00: Traceback (most recent call last):
2026-01-02 05:25:16 +00:00:   File "/var/www/spirit-bead-backend/venv/lib64/python3.12/site-packages/django/core/handlers/exception.py", line 55, in inner
2026-01-02 05:25:16 +00:00:     response = get_response(request)
2026-01-02 05:25:16 +00:00:                ^^^^^^^^^^^^^^^^^^^^^
2026-01-02 05:25:16 +00:00:   File "/var/www/spirit-bead-backend/venv/lib64/python3.12/site-packages/django/core/handlers/base.py", line 197, in _get_response
2026-01-02 05:25:16 +00:00:     response = wrapped_callback(request, *callback_args, **callback_kwargs)
2026-01-02 05:25:16 +00:00:                ^^^^^^^^^^^^^^^^^^^^^^^^^^^^^^^^^^^^^^^^^^^^^^^^^^^^^^^^^^^^
2026-01-02 05:25:16 +00:00:   File "/var/www/spirit-bead-backend/venv/lib64/python3.12/site-packages/django/views/decorators/http.py", line 43, in inner
2026-01-02 05:25:16 +00:00:     return func(request, *args, **kwargs)
2026-01-02 05:25:16 +00:00:            ^^^^^^^^^^^^^^^^^^^^^^^^^^^^^^
2026-01-02 05:25:16 +00:00:   File "/var/www/spirit-bead-backend/venv/lib64/python3.12/site-packages/django/views/decorators/csrf.py", line 56, in wrapper_view
2026-01-02 05:25:16 +00:00:     return view_func(*args, **kwargs)
2026-01-02 05:25:16 +00:00:            ^^^^^^^^^^^^^^^^^^^^^^^^^^
2026-01-02 05:25:16 +00:00:   File "/var/www/spirit-bead-backend/payments/views.py", line 25, in create_checkout_session
2026-01-02 05:25:16 +00:00:     cart_items = request.data.get("items")
2026-01-02 05:25:16 +00:00:                  ^^^^^^^^^^^^
2026-01-02 05:25:16 +00:00: AttributeError: 'WSGIRequest' object has no attribute 'data'
2026-01-02 05:25:16 +00:00: [02/Jan/2026 05:25:16] "POST /api/payments/create-checkout-session/ HTTP/1.1" 500 84485
2026-01-02 05:25:17 +00:00: Internal Server Error: /api/payments/create-checkout-session/
2026-01-02 05:25:17 +00:00: Traceback (most recent call last):
2026-01-02 05:25:17 +00:00:   File "/var/www/spirit-bead-backend/venv/lib64/python3.12/site-packages/django/core/handlers/exception.py", line 55, in inner
2026-01-02 05:25:17 +00:00:     response = get_response(request)
2026-01-02 05:25:17 +00:00:                ^^^^^^^^^^^^^^^^^^^^^
2026-01-02 05:25:17 +00:00:   File "/var/www/spirit-bead-backend/venv/lib64/python3.12/site-packages/django/core/handlers/base.py", line 197, in _get_response
2026-01-02 05:25:17 +00:00:     response = wrapped_callback(request, *callback_args, **callback_kwargs)
2026-01-02 05:25:17 +00:00:                ^^^^^^^^^^^^^^^^^^^^^^^^^^^^^^^^^^^^^^^^^^^^^^^^^^^^^^^^^^^^
2026-01-02 05:25:17 +00:00:   File "/var/www/spirit-bead-backend/venv/lib64/python3.12/site-packages/django/views/decorators/http.py", line 43, in inner
2026-01-02 05:25:17 +00:00:     return func(request, *args, **kwargs)
2026-01-02 05:25:17 +00:00:            ^^^^^^^^^^^^^^^^^^^^^^^^^^^^^^
2026-01-02 05:25:17 +00:00:   File "/var/www/spirit-bead-backend/venv/lib64/python3.12/site-packages/django/views/decorators/csrf.py", line 56, in wrapper_view
2026-01-02 05:25:17 +00:00:     return view_func(*args, **kwargs)
2026-01-02 05:25:17 +00:00:            ^^^^^^^^^^^^^^^^^^^^^^^^^^
2026-01-02 05:25:17 +00:00:   File "/var/www/spirit-bead-backend/payments/views.py", line 25, in create_checkout_session
2026-01-02 05:25:17 +00:00:     cart_items = request.data.get("items")
2026-01-02 05:25:17 +00:00:                  ^^^^^^^^^^^^
2026-01-02 05:25:17 +00:00: AttributeError: 'WSGIRequest' object has no attribute 'data'
2026-01-02 05:25:17 +00:00: [02/Jan/2026 05:25:17] "POST /api/payments/create-checkout-session/ HTTP/1.1" 500 84485
2026-01-02 05:25:18 +00:00: Internal Server Error: /api/payments/create-checkout-session/
2026-01-02 05:25:18 +00:00: Traceback (most recent call last):
2026-01-02 05:25:18 +00:00:   File "/var/www/spirit-bead-backend/venv/lib64/python3.12/site-packages/django/core/handlers/exception.py", line 55, in inner
2026-01-02 05:25:18 +00:00:     response = get_response(request)
2026-01-02 05:25:18 +00:00:                ^^^^^^^^^^^^^^^^^^^^^
2026-01-02 05:25:18 +00:00:   File "/var/www/spirit-bead-backend/venv/lib64/python3.12/site-packages/django/core/handlers/base.py", line 197, in _get_response
2026-01-02 05:25:18 +00:00:     response = wrapped_callback(request, *callback_args, **callback_kwargs)
2026-01-02 05:25:18 +00:00:                ^^^^^^^^^^^^^^^^^^^^^^^^^^^^^^^^^^^^^^^^^^^^^^^^^^^^^^^^^^^^
2026-01-02 05:25:18 +00:00:   File "/var/www/spirit-bead-backend/venv/lib64/python3.12/site-packages/django/views/decorators/http.py", line 43, in inner
2026-01-02 05:25:18 +00:00:     return func(request, *args, **kwargs)
2026-01-02 05:25:18 +00:00:            ^^^^^^^^^^^^^^^^^^^^^^^^^^^^^^
2026-01-02 05:25:18 +00:00:   File "/var/www/spirit-bead-backend/venv/lib64/python3.12/site-packages/django/views/decorators/csrf.py", line 56, in wrapper_view
2026-01-02 05:25:18 +00:00:     return view_func(*args, **kwargs)
2026-01-02 05:25:18 +00:00:            ^^^^^^^^^^^^^^^^^^^^^^^^^^
2026-01-02 05:25:18 +00:00:   File "/var/www/spirit-bead-backend/payments/views.py", line 25, in create_checkout_session
2026-01-02 05:25:18 +00:00:     cart_items = request.data.get("items")
2026-01-02 05:25:18 +00:00:                  ^^^^^^^^^^^^
2026-01-02 05:25:18 +00:00: AttributeError: 'WSGIRequest' object has no attribute 'data'
2026-01-02 05:25:18 +00:00: [02/Jan/2026 05:25:18] "POST /api/payments/create-checkout-session/ HTTP/1.1" 500 84485
2026-01-02 05:25:20 +00:00: Internal Server Error: /api/payments/create-checkout-session/
2026-01-02 05:25:20 +00:00: Traceback (most recent call last):
2026-01-02 05:25:20 +00:00:   File "/var/www/spirit-bead-backend/venv/lib64/python3.12/site-packages/django/core/handlers/exception.py", line 55, in inner
2026-01-02 05:25:20 +00:00:     response = get_response(request)
2026-01-02 05:25:20 +00:00:                ^^^^^^^^^^^^^^^^^^^^^
2026-01-02 05:25:20 +00:00:   File "/var/www/spirit-bead-backend/venv/lib64/python3.12/site-packages/django/core/handlers/base.py", line 197, in _get_response
2026-01-02 05:25:20 +00:00:     response = wrapped_callback(request, *callback_args, **callback_kwargs)
2026-01-02 05:25:20 +00:00:                ^^^^^^^^^^^^^^^^^^^^^^^^^^^^^^^^^^^^^^^^^^^^^^^^^^^^^^^^^^^^
2026-01-02 05:25:20 +00:00:   File "/var/www/spirit-bead-backend/venv/lib64/python3.12/site-packages/django/views/decorators/http.py", line 43, in inner
2026-01-02 05:25:20 +00:00:     return func(request, *args, **kwargs)
2026-01-02 05:25:20 +00:00:            ^^^^^^^^^^^^^^^^^^^^^^^^^^^^^^
2026-01-02 05:25:20 +00:00:   File "/var/www/spirit-bead-backend/venv/lib64/python3.12/site-packages/django/views/decorators/csrf.py", line 56, in wrapper_view
2026-01-02 05:25:20 +00:00:     return view_func(*args, **kwargs)
2026-01-02 05:25:20 +00:00:            ^^^^^^^^^^^^^^^^^^^^^^^^^^
2026-01-02 05:25:20 +00:00:   File "/var/www/spirit-bead-backend/payments/views.py", line 25, in create_checkout_session
2026-01-02 05:25:20 +00:00:     cart_items = request.data.get("items")
2026-01-02 05:25:20 +00:00:                  ^^^^^^^^^^^^
2026-01-02 05:25:20 +00:00: AttributeError: 'WSGIRequest' object has no attribute 'data'
2026-01-02 05:25:20 +00:00: [02/Jan/2026 05:25:20] "POST /api/payments/create-checkout-session/ HTTP/1.1" 500 84485
2026-01-02 05:25:21 +00:00: Internal Server Error: /api/payments/create-checkout-session/
2026-01-02 05:25:21 +00:00: Traceback (most recent call last):
2026-01-02 05:25:21 +00:00:   File "/var/www/spirit-bead-backend/venv/lib64/python3.12/site-packages/django/core/handlers/exception.py", line 55, in inner
2026-01-02 05:25:21 +00:00:     response = get_response(request)
2026-01-02 05:25:21 +00:00:                ^^^^^^^^^^^^^^^^^^^^^
2026-01-02 05:25:21 +00:00:   File "/var/www/spirit-bead-backend/venv/lib64/python3.12/site-packages/django/core/handlers/base.py", line 197, in _get_response
2026-01-02 05:25:21 +00:00:     response = wrapped_callback(request, *callback_args, **callback_kwargs)
2026-01-02 05:25:21 +00:00:                ^^^^^^^^^^^^^^^^^^^^^^^^^^^^^^^^^^^^^^^^^^^^^^^^^^^^^^^^^^^^
2026-01-02 05:25:21 +00:00:   File "/var/www/spirit-bead-backend/venv/lib64/python3.12/site-packages/django/views/decorators/http.py", line 43, in inner
2026-01-02 05:25:21 +00:00:     return func(request, *args, **kwargs)
2026-01-02 05:25:21 +00:00:            ^^^^^^^^^^^^^^^^^^^^^^^^^^^^^^
2026-01-02 05:25:21 +00:00:   File "/var/www/spirit-bead-backend/venv/lib64/python3.12/site-packages/django/views/decorators/csrf.py", line 56, in wrapper_view
2026-01-02 05:25:21 +00:00:     return view_func(*args, **kwargs)
2026-01-02 05:25:21 +00:00:            ^^^^^^^^^^^^^^^^^^^^^^^^^^
2026-01-02 05:25:21 +00:00:   File "/var/www/spirit-bead-backend/payments/views.py", line 25, in create_checkout_session
2026-01-02 05:25:21 +00:00:     cart_items = request.data.get("items")
2026-01-02 05:25:21 +00:00:                  ^^^^^^^^^^^^
2026-01-02 05:25:21 +00:00: AttributeError: 'WSGIRequest' object has no attribute 'data'
2026-01-02 05:25:21 +00:00: [02/Jan/2026 05:25:21] "POST /api/payments/create-checkout-session/ HTTP/1.1" 500 84485
2026-01-02 05:25:23 +00:00: Internal Server Error: /api/payments/create-checkout-session/
2026-01-02 05:25:23 +00:00: Traceback (most recent call last):
2026-01-02 05:25:23 +00:00:   File "/var/www/spirit-bead-backend/venv/lib64/python3.12/site-packages/django/core/handlers/exception.py", line 55, in inner
2026-01-02 05:25:23 +00:00:     response = get_response(request)
2026-01-02 05:25:23 +00:00:                ^^^^^^^^^^^^^^^^^^^^^
2026-01-02 05:25:23 +00:00:   File "/var/www/spirit-bead-backend/venv/lib64/python3.12/site-packages/django/core/handlers/base.py", line 197, in _get_response
2026-01-02 05:25:23 +00:00:     response = wrapped_callback(request, *callback_args, **callback_kwargs)
2026-01-02 05:25:23 +00:00:                ^^^^^^^^^^^^^^^^^^^^^^^^^^^^^^^^^^^^^^^^^^^^^^^^^^^^^^^^^^^^
2026-01-02 05:25:23 +00:00:   File "/var/www/spirit-bead-backend/venv/lib64/python3.12/site-packages/django/views/decorators/http.py", line 43, in inner
2026-01-02 05:25:23 +00:00:     return func(request, *args, **kwargs)
2026-01-02 05:25:23 +00:00:            ^^^^^^^^^^^^^^^^^^^^^^^^^^^^^^
2026-01-02 05:25:23 +00:00:   File "/var/www/spirit-bead-backend/venv/lib64/python3.12/site-packages/django/views/decorators/csrf.py", line 56, in wrapper_view
2026-01-02 05:25:23 +00:00:     return view_func(*args, **kwargs)
2026-01-02 05:25:23 +00:00:            ^^^^^^^^^^^^^^^^^^^^^^^^^^
2026-01-02 05:25:23 +00:00:   File "/var/www/spirit-bead-backend/payments/views.py", line 25, in create_checkout_session
2026-01-02 05:25:23 +00:00:     cart_items = request.data.get("items")
2026-01-02 05:25:23 +00:00:                  ^^^^^^^^^^^^
2026-01-02 05:25:23 +00:00: AttributeError: 'WSGIRequest' object has no attribute 'data'
2026-01-02 05:25:23 +00:00: [02/Jan/2026 05:25:23] "POST /api/payments/create-checkout-session/ HTTP/1.1" 500 84485
2026-01-02 05:25:24 +00:00: Internal Server Error: /api/payments/create-checkout-session/
2026-01-02 05:25:24 +00:00: Traceback (most recent call last):
2026-01-02 05:25:24 +00:00:   File "/var/www/spirit-bead-backend/venv/lib64/python3.12/site-packages/django/core/handlers/exception.py", line 55, in inner
2026-01-02 05:25:24 +00:00:     response = get_response(request)
2026-01-02 05:25:24 +00:00:                ^^^^^^^^^^^^^^^^^^^^^
2026-01-02 05:25:24 +00:00:   File "/var/www/spirit-bead-backend/venv/lib64/python3.12/site-packages/django/core/handlers/base.py", line 197, in _get_response
2026-01-02 05:25:24 +00:00:     response = wrapped_callback(request, *callback_args, **callback_kwargs)
2026-01-02 05:25:24 +00:00:                ^^^^^^^^^^^^^^^^^^^^^^^^^^^^^^^^^^^^^^^^^^^^^^^^^^^^^^^^^^^^
2026-01-02 05:25:24 +00:00:   File "/var/www/spirit-bead-backend/venv/lib64/python3.12/site-packages/django/views/decorators/http.py", line 43, in inner
2026-01-02 05:25:24 +00:00:     return func(request, *args, **kwargs)
2026-01-02 05:25:24 +00:00:            ^^^^^^^^^^^^^^^^^^^^^^^^^^^^^^
2026-01-02 05:25:24 +00:00:   File "/var/www/spirit-bead-backend/venv/lib64/python3.12/site-packages/django/views/decorators/csrf.py", line 56, in wrapper_view
2026-01-02 05:25:24 +00:00:     return view_func(*args, **kwargs)
2026-01-02 05:25:24 +00:00:            ^^^^^^^^^^^^^^^^^^^^^^^^^^
2026-01-02 05:25:24 +00:00:   File "/var/www/spirit-bead-backend/payments/views.py", line 25, in create_checkout_session
2026-01-02 05:25:24 +00:00:     cart_items = request.data.get("items")
2026-01-02 05:25:24 +00:00:                  ^^^^^^^^^^^^
2026-01-02 05:25:24 +00:00: AttributeError: 'WSGIRequest' object has no attribute 'data'
2026-01-02 05:25:24 +00:00: [02/Jan/2026 05:25:24] "POST /api/payments/create-checkout-session/ HTTP/1.1" 500 84485
2026-01-02 05:25:30 +00:00: Internal Server Error: /api/payments/create-checkout-session/
2026-01-02 05:25:30 +00:00: Traceback (most recent call last):
2026-01-02 05:25:30 +00:00:   File "/var/www/spirit-bead-backend/venv/lib64/python3.12/site-packages/django/core/handlers/exception.py", line 55, in inner
2026-01-02 05:25:30 +00:00:     response = get_response(request)
2026-01-02 05:25:30 +00:00:                ^^^^^^^^^^^^^^^^^^^^^
2026-01-02 05:25:30 +00:00:   File "/var/www/spirit-bead-backend/venv/lib64/python3.12/site-packages/django/core/handlers/base.py", line 197, in _get_response
2026-01-02 05:25:30 +00:00:     response = wrapped_callback(request, *callback_args, **callback_kwargs)
2026-01-02 05:25:30 +00:00:                ^^^^^^^^^^^^^^^^^^^^^^^^^^^^^^^^^^^^^^^^^^^^^^^^^^^^^^^^^^^^
2026-01-02 05:25:30 +00:00:   File "/var/www/spirit-bead-backend/venv/lib64/python3.12/site-packages/django/views/decorators/http.py", line 43, in inner
2026-01-02 05:25:30 +00:00:     return func(request, *args, **kwargs)
2026-01-02 05:25:30 +00:00:            ^^^^^^^^^^^^^^^^^^^^^^^^^^^^^^
2026-01-02 05:25:30 +00:00:   File "/var/www/spirit-bead-backend/venv/lib64/python3.12/site-packages/django/views/decorators/csrf.py", line 56, in wrapper_view
2026-01-02 05:25:30 +00:00:     return view_func(*args, **kwargs)
2026-01-02 05:25:30 +00:00:            ^^^^^^^^^^^^^^^^^^^^^^^^^^
2026-01-02 05:25:30 +00:00:   File "/var/www/spirit-bead-backend/payments/views.py", line 25, in create_checkout_session
2026-01-02 05:25:30 +00:00:     cart_items = request.data.get("items")
2026-01-02 05:25:30 +00:00:                  ^^^^^^^^^^^^
2026-01-02 05:25:30 +00:00: AttributeError: 'WSGIRequest' object has no attribute 'data'
2026-01-02 05:25:30 +00:00: [02/Jan/2026 05:25:30] "POST /api/payments/create-checkout-session/ HTTP/1.1" 500 81333
2026-01-02 05:25:37 +00:00: /var/www/spirit-bead-backend/payments/views.py changed, reloading.
2026-01-02 05:25:39 +00:00: Watching for file changes with StatReloader
2026-01-02 05:25:45 +00:00: Watching for file changes with StatReloader
2026-01-02 05:25:47 +00:00: Forbidden: /api/payments/create-checkout-session/
2026-01-02 05:25:47 +00:00: [02/Jan/2026 05:25:47] "POST /api/payments/create-checkout-session/ HTTP/1.1" 403 45
2026-01-02 05:25:48 +00:00: Forbidden: /api/payments/create-checkout-session/
2026-01-02 05:25:48 +00:00: [02/Jan/2026 05:25:48] "POST /api/payments/create-checkout-session/ HTTP/1.1" 403 45
2026-01-02 05:25:51 +00:00: Forbidden: /api/payments/create-checkout-session/
2026-01-02 05:25:51 +00:00: [02/Jan/2026 05:25:51] "POST /api/payments/create-checkout-session/ HTTP/1.1" 403 45
2026-01-02 05:25:55 +00:00: Bad Request: /api/payments/create-checkout-session/
2026-01-02 05:25:55 +00:00: [02/Jan/2026 05:25:55] "POST /api/payments/create-checkout-session/ HTTP/1.1" 400 72
2026-01-02 05:26:03 +00:00: Forbidden: /api/payments/create-checkout-session/
2026-01-02 05:26:03 +00:00: [02/Jan/2026 05:26:03] "POST /api/payments/create-checkout-session/ HTTP/1.1" 403 45
2026-01-02 05:26:04 +00:00: Forbidden: /api/payments/create-checkout-session/
2026-01-02 05:26:04 +00:00: [02/Jan/2026 05:26:04] "POST /api/payments/create-checkout-session/ HTTP/1.1" 403 45
2026-01-02 05:26:29 +00:00: [02/Jan/2026 05:26:29] "GET /api/products/ HTTP/1.1" 200 2053
2026-01-02 05:26:29 +00:00: [02/Jan/2026 05:26:29] "GET /api/products/ HTTP/1.1" 200 2053
2026-01-02 05:26:31 +00:00: Forbidden: /api/payments/create-checkout-session/
2026-01-02 05:26:31 +00:00: [02/Jan/2026 05:26:31] "POST /api/payments/create-checkout-session/ HTTP/1.1" 403 45
2026-01-02 05:27:07 +00:00: Watching for file changes with StatReloader
2026-01-02 05:27:08 +00:00: Forbidden: /api/payments/create-checkout-session/
2026-01-02 05:27:08 +00:00: [02/Jan/2026 05:27:08] "POST /api/payments/create-checkout-session/ HTTP/1.1" 403 45
2026-01-02 05:27:08 +00:00: Forbidden: /api/payments/create-checkout-session/
2026-01-02 05:27:08 +00:00: [02/Jan/2026 05:27:08] "POST /api/payments/create-checkout-session/ HTTP/1.1" 403 45
2026-01-02 05:27:09 +00:00: Forbidden: /api/payments/create-checkout-session/
2026-01-02 05:27:09 +00:00: [02/Jan/2026 05:27:09] "POST /api/payments/create-checkout-session/ HTTP/1.1" 403 45
2026-01-02 05:27:09 +00:00: Forbidden: /api/payments/create-checkout-session/
2026-01-02 05:27:09 +00:00: [02/Jan/2026 05:27:09] "POST /api/payments/create-checkout-session/ HTTP/1.1" 403 45
2026-01-02 05:27:10 +00:00: Forbidden: /api/payments/create-checkout-session/
2026-01-02 05:27:10 +00:00: [02/Jan/2026 05:27:10] "POST /api/payments/create-checkout-session/ HTTP/1.1" 403 45
2026-01-02 05:27:10 +00:00: Forbidden: /api/payments/create-checkout-session/
2026-01-02 05:27:10 +00:00: [02/Jan/2026 05:27:10] "POST /api/payments/create-checkout-session/ HTTP/1.1" 403 45
2026-01-02 05:27:14 +00:00: Bad Request: /api/payments/create-checkout-session/
2026-01-02 05:27:14 +00:00: [02/Jan/2026 05:27:14] "POST /api/payments/create-checkout-session/ HTTP/1.1" 400 72
2026-01-02 05:27:38 +00:00: [02/Jan/2026 05:27:38] "GET /api/products/ HTTP/1.1" 200 2053
2026-01-02 05:27:38 +00:00: [02/Jan/2026 05:27:38] "GET /api/products/ HTTP/1.1" 200 2053
2026-01-02 05:27:40 +00:00: Forbidden: /api/payments/create-checkout-session/
2026-01-02 05:27:40 +00:00: [02/Jan/2026 05:27:40] "POST /api/payments/create-checkout-session/ HTTP/1.1" 403 45
2026-01-02 05:29:05 +00:00: /var/www/spirit-bead-backend/payments/views.py changed, reloading.
2026-01-02 05:29:06 +00:00: Watching for file changes with StatReloader
2026-01-02 05:29:18 +00:00: Watching for file changes with StatReloader
2026-01-02 05:29:19 +00:00: Internal Server Error: /api/payments/create-checkout-session/
2026-01-02 05:29:19 +00:00: Traceback (most recent call last):
2026-01-02 05:29:19 +00:00:   File "/var/www/spirit-bead-backend/venv/lib64/python3.12/site-packages/django/core/handlers/exception.py", line 55, in inner
2026-01-02 05:29:19 +00:00:     response = get_response(request)
2026-01-02 05:29:19 +00:00:                ^^^^^^^^^^^^^^^^^^^^^
2026-01-02 05:29:19 +00:00:   File "/var/www/spirit-bead-backend/venv/lib64/python3.12/site-packages/django/core/handlers/base.py", line 197, in _get_response
2026-01-02 05:29:19 +00:00:     response = wrapped_callback(request, *callback_args, **callback_kwargs)
2026-01-02 05:29:19 +00:00:                ^^^^^^^^^^^^^^^^^^^^^^^^^^^^^^^^^^^^^^^^^^^^^^^^^^^^^^^^^^^^
2026-01-02 05:29:19 +00:00:   File "/var/www/spirit-bead-backend/venv/lib64/python3.12/site-packages/django/views/decorators/csrf.py", line 56, in wrapper_view
2026-01-02 05:29:19 +00:00:     return view_func(*args, **kwargs)
2026-01-02 05:29:19 +00:00:            ^^^^^^^^^^^^^^^^^^^^^^^^^^
2026-01-02 05:29:19 +00:00:   File "/var/www/spirit-bead-backend/venv/lib64/python3.12/site-packages/django/views/decorators/csrf.py", line 56, in wrapper_view
2026-01-02 05:29:19 +00:00:     return view_func(*args, **kwargs)
2026-01-02 05:29:19 +00:00:            ^^^^^^^^^^^^^^^^^^^^^^^^^^
2026-01-02 05:29:19 +00:00:   File "/var/www/spirit-bead-backend/venv/lib64/python3.12/site-packages/django/views/generic/base.py", line 104, in view
2026-01-02 05:29:19 +00:00:     return self.dispatch(request, *args, **kwargs)
2026-01-02 05:29:19 +00:00:            ^^^^^^^^^^^^^^^^^^^^^^^^^^^^^^^^^^^^^^^
2026-01-02 05:29:19 +00:00:   File "/var/www/spirit-bead-backend/venv/lib64/python3.12/site-packages/rest_framework/views.py", line 509, in dispatch
2026-01-02 05:29:19 +00:00:     response = self.handle_exception(exc)
2026-01-02 05:29:19 +00:00:                ^^^^^^^^^^^^^^^^^^^^^^^^^^
2026-01-02 05:29:19 +00:00:   File "/var/www/spirit-bead-backend/venv/lib64/python3.12/site-packages/rest_framework/views.py", line 469, in handle_exception
2026-01-02 05:29:19 +00:00:     self.raise_uncaught_exception(exc)
2026-01-02 05:29:19 +00:00:   File "/var/www/spirit-bead-backend/venv/lib64/python3.12/site-packages/rest_framework/views.py", line 480, in raise_uncaught_exception
2026-01-02 05:29:19 +00:00:     raise exc
2026-01-02 05:29:19 +00:00:   File "/var/www/spirit-bead-backend/venv/lib64/python3.12/site-packages/rest_framework/views.py", line 506, in dispatch
2026-01-02 05:29:19 +00:00:     response = handler(request, *args, **kwargs)
2026-01-02 05:29:19 +00:00:                ^^^^^^^^^^^^^^^^^^^^^^^^^^^^^^^^^
2026-01-02 05:29:19 +00:00:   File "/var/www/spirit-bead-backend/venv/lib64/python3.12/site-packages/rest_framework/decorators.py", line 50, in handler
2026-01-02 05:29:19 +00:00:     return func(*args, **kwargs)
2026-01-02 05:29:19 +00:00:            ^^^^^^^^^^^^^^^^^^^^^
2026-01-02 05:29:19 +00:00:   File "/var/www/spirit-bead-backend/payments/views.py", line 128, in create_checkout_session
2026-01-02 05:29:19 +00:00:     session = stripe.checkout.Session.create(
2026-01-02 05:29:19 +00:00:               ^^^^^^^^^^^^^^^^^^^^^^^^^^^^^^^
2026-01-02 05:29:19 +00:00:   File "/var/www/spirit-bead-backend/venv/lib64/python3.12/site-packages/stripe/api_resources/checkout/session.py", line 1075, in create
2026-01-02 05:29:19 +00:00:     cls._static_request(
2026-01-02 05:29:19 +00:00:   File "/var/www/spirit-bead-backend/venv/lib64/python3.12/site-packages/stripe/api_resources/abstract/api_resource.py", line 152, in _static_request
2026-01-02 05:29:19 +00:00:     response, api_key = requestor.request(method_, url_, params, headers)
2026-01-02 05:29:19 +00:00:                         ^^^^^^^^^^^^^^^^^^^^^^^^^^^^^^^^^^^^^^^^^^^^^^^^^
2026-01-02 05:29:19 +00:00:   File "/var/www/spirit-bead-backend/venv/lib64/python3.12/site-packages/stripe/api_requestor.py", line 119, in request
2026-01-02 05:29:19 +00:00:     rbody, rcode, rheaders, my_api_key = self.request_raw(
2026-01-02 05:29:19 +00:00:                                          ^^^^^^^^^^^^^^^^^
2026-01-02 05:29:19 +00:00:   File "/var/www/spirit-bead-backend/venv/lib64/python3.12/site-packages/stripe/api_requestor.py", line 303, in request_raw
2026-01-02 05:29:19 +00:00:     raise error.AuthenticationError(
2026-01-02 05:29:19 +00:00: stripe.error.AuthenticationError: No API key provided. (HINT: set your API key using "stripe.api_key = <API-KEY>"). You can generate API keys from the Stripe web interface.  See https://stripe.com/api for details, or email support@stripe.com if you have any questions.
2026-01-02 05:29:19 +00:00: [02/Jan/2026 05:29:19] "POST /api/payments/create-checkout-session/ HTTP/1.1" 500 137182
2026-01-02 05:29:21 +00:00: Internal Server Error: /api/payments/create-checkout-session/
2026-01-02 05:29:21 +00:00: Traceback (most recent call last):
2026-01-02 05:29:21 +00:00:   File "/var/www/spirit-bead-backend/venv/lib64/python3.12/site-packages/django/core/handlers/exception.py", line 55, in inner
2026-01-02 05:29:21 +00:00:     response = get_response(request)
2026-01-02 05:29:21 +00:00:                ^^^^^^^^^^^^^^^^^^^^^
2026-01-02 05:29:21 +00:00:   File "/var/www/spirit-bead-backend/venv/lib64/python3.12/site-packages/django/core/handlers/base.py", line 197, in _get_response
2026-01-02 05:29:21 +00:00:     response = wrapped_callback(request, *callback_args, **callback_kwargs)
2026-01-02 05:29:21 +00:00:                ^^^^^^^^^^^^^^^^^^^^^^^^^^^^^^^^^^^^^^^^^^^^^^^^^^^^^^^^^^^^
2026-01-02 05:29:21 +00:00:   File "/var/www/spirit-bead-backend/venv/lib64/python3.12/site-packages/django/views/decorators/csrf.py", line 56, in wrapper_view
2026-01-02 05:29:21 +00:00:     return view_func(*args, **kwargs)
2026-01-02 05:29:21 +00:00:            ^^^^^^^^^^^^^^^^^^^^^^^^^^
2026-01-02 05:29:21 +00:00:   File "/var/www/spirit-bead-backend/venv/lib64/python3.12/site-packages/django/views/decorators/csrf.py", line 56, in wrapper_view
2026-01-02 05:29:21 +00:00:     return view_func(*args, **kwargs)
2026-01-02 05:29:21 +00:00:            ^^^^^^^^^^^^^^^^^^^^^^^^^^
2026-01-02 05:29:21 +00:00:   File "/var/www/spirit-bead-backend/venv/lib64/python3.12/site-packages/django/views/generic/base.py", line 104, in view
2026-01-02 05:29:21 +00:00:     return self.dispatch(request, *args, **kwargs)
2026-01-02 05:29:21 +00:00:            ^^^^^^^^^^^^^^^^^^^^^^^^^^^^^^^^^^^^^^^
2026-01-02 05:29:21 +00:00:   File "/var/www/spirit-bead-backend/venv/lib64/python3.12/site-packages/rest_framework/views.py", line 509, in dispatch
2026-01-02 05:29:21 +00:00:     response = self.handle_exception(exc)
2026-01-02 05:29:21 +00:00:                ^^^^^^^^^^^^^^^^^^^^^^^^^^
2026-01-02 05:29:21 +00:00:   File "/var/www/spirit-bead-backend/venv/lib64/python3.12/site-packages/rest_framework/views.py", line 469, in handle_exception
2026-01-02 05:29:21 +00:00:     self.raise_uncaught_exception(exc)
2026-01-02 05:29:21 +00:00:   File "/var/www/spirit-bead-backend/venv/lib64/python3.12/site-packages/rest_framework/views.py", line 480, in raise_uncaught_exception
2026-01-02 05:29:21 +00:00:     raise exc
2026-01-02 05:29:21 +00:00:   File "/var/www/spirit-bead-backend/venv/lib64/python3.12/site-packages/rest_framework/views.py", line 506, in dispatch
2026-01-02 05:29:21 +00:00:     response = handler(request, *args, **kwargs)
2026-01-02 05:29:21 +00:00:                ^^^^^^^^^^^^^^^^^^^^^^^^^^^^^^^^^
2026-01-02 05:29:21 +00:00:   File "/var/www/spirit-bead-backend/venv/lib64/python3.12/site-packages/rest_framework/decorators.py", line 50, in handler
2026-01-02 05:29:21 +00:00:     return func(*args, **kwargs)
2026-01-02 05:29:21 +00:00:            ^^^^^^^^^^^^^^^^^^^^^
2026-01-02 05:29:21 +00:00:   File "/var/www/spirit-bead-backend/payments/views.py", line 128, in create_checkout_session
2026-01-02 05:29:21 +00:00:     session = stripe.checkout.Session.create(
2026-01-02 05:29:21 +00:00:               ^^^^^^^^^^^^^^^^^^^^^^^^^^^^^^^
2026-01-02 05:29:21 +00:00:   File "/var/www/spirit-bead-backend/venv/lib64/python3.12/site-packages/stripe/api_resources/checkout/session.py", line 1075, in create
2026-01-02 05:29:21 +00:00:     cls._static_request(
2026-01-02 05:29:21 +00:00:   File "/var/www/spirit-bead-backend/venv/lib64/python3.12/site-packages/stripe/api_resources/abstract/api_resource.py", line 152, in _static_request
2026-01-02 05:29:21 +00:00:     response, api_key = requestor.request(method_, url_, params, headers)
2026-01-02 05:29:21 +00:00:                         ^^^^^^^^^^^^^^^^^^^^^^^^^^^^^^^^^^^^^^^^^^^^^^^^^
2026-01-02 05:29:21 +00:00:   File "/var/www/spirit-bead-backend/venv/lib64/python3.12/site-packages/stripe/api_requestor.py", line 119, in request
2026-01-02 05:29:21 +00:00:     rbody, rcode, rheaders, my_api_key = self.request_raw(
2026-01-02 05:29:21 +00:00:                                          ^^^^^^^^^^^^^^^^^
2026-01-02 05:29:21 +00:00:   File "/var/www/spirit-bead-backend/venv/lib64/python3.12/site-packages/stripe/api_requestor.py", line 303, in request_raw
2026-01-02 05:29:21 +00:00:     raise error.AuthenticationError(
2026-01-02 05:29:21 +00:00: stripe.error.AuthenticationError: No API key provided. (HINT: set your API key using "stripe.api_key = <API-KEY>"). You can generate API keys from the Stripe web interface.  See https://stripe.com/api for details, or email support@stripe.com if you have any questions.
2026-01-02 05:29:21 +00:00: [02/Jan/2026 05:29:21] "POST /api/payments/create-checkout-session/ HTTP/1.1" 500 137182
2026-01-02 05:29:22 +00:00: Internal Server Error: /api/payments/create-checkout-session/
2026-01-02 05:29:22 +00:00: Traceback (most recent call last):
2026-01-02 05:29:22 +00:00:   File "/var/www/spirit-bead-backend/venv/lib64/python3.12/site-packages/django/core/handlers/exception.py", line 55, in inner
2026-01-02 05:29:22 +00:00:     response = get_response(request)
2026-01-02 05:29:22 +00:00:                ^^^^^^^^^^^^^^^^^^^^^
2026-01-02 05:29:22 +00:00:   File "/var/www/spirit-bead-backend/venv/lib64/python3.12/site-packages/django/core/handlers/base.py", line 197, in _get_response
2026-01-02 05:29:22 +00:00:     response = wrapped_callback(request, *callback_args, **callback_kwargs)
2026-01-02 05:29:22 +00:00:                ^^^^^^^^^^^^^^^^^^^^^^^^^^^^^^^^^^^^^^^^^^^^^^^^^^^^^^^^^^^^
2026-01-02 05:29:22 +00:00:   File "/var/www/spirit-bead-backend/venv/lib64/python3.12/site-packages/django/views/decorators/csrf.py", line 56, in wrapper_view
2026-01-02 05:29:22 +00:00:     return view_func(*args, **kwargs)
2026-01-02 05:29:22 +00:00:            ^^^^^^^^^^^^^^^^^^^^^^^^^^
2026-01-02 05:29:22 +00:00:   File "/var/www/spirit-bead-backend/venv/lib64/python3.12/site-packages/django/views/decorators/csrf.py", line 56, in wrapper_view
2026-01-02 05:29:22 +00:00:     return view_func(*args, **kwargs)
2026-01-02 05:29:22 +00:00:            ^^^^^^^^^^^^^^^^^^^^^^^^^^
2026-01-02 05:29:22 +00:00:   File "/var/www/spirit-bead-backend/venv/lib64/python3.12/site-packages/django/views/generic/base.py", line 104, in view
2026-01-02 05:29:22 +00:00:     return self.dispatch(request, *args, **kwargs)
2026-01-02 05:29:22 +00:00:            ^^^^^^^^^^^^^^^^^^^^^^^^^^^^^^^^^^^^^^^
2026-01-02 05:29:22 +00:00:   File "/var/www/spirit-bead-backend/venv/lib64/python3.12/site-packages/rest_framework/views.py", line 509, in dispatch
2026-01-02 05:29:22 +00:00:     response = self.handle_exception(exc)
2026-01-02 05:29:22 +00:00:                ^^^^^^^^^^^^^^^^^^^^^^^^^^
2026-01-02 05:29:22 +00:00:   File "/var/www/spirit-bead-backend/venv/lib64/python3.12/site-packages/rest_framework/views.py", line 469, in handle_exception
2026-01-02 05:29:22 +00:00:     self.raise_uncaught_exception(exc)
2026-01-02 05:29:22 +00:00:   File "/var/www/spirit-bead-backend/venv/lib64/python3.12/site-packages/rest_framework/views.py", line 480, in raise_uncaught_exception
2026-01-02 05:29:22 +00:00:     raise exc
2026-01-02 05:29:22 +00:00:   File "/var/www/spirit-bead-backend/venv/lib64/python3.12/site-packages/rest_framework/views.py", line 506, in dispatch
2026-01-02 05:29:22 +00:00:     response = handler(request, *args, **kwargs)
2026-01-02 05:29:22 +00:00:                ^^^^^^^^^^^^^^^^^^^^^^^^^^^^^^^^^
2026-01-02 05:29:22 +00:00:   File "/var/www/spirit-bead-backend/venv/lib64/python3.12/site-packages/rest_framework/decorators.py", line 50, in handler
2026-01-02 05:29:22 +00:00:     return func(*args, **kwargs)
2026-01-02 05:29:22 +00:00:            ^^^^^^^^^^^^^^^^^^^^^
2026-01-02 05:29:22 +00:00:   File "/var/www/spirit-bead-backend/payments/views.py", line 128, in create_checkout_session
2026-01-02 05:29:22 +00:00:     session = stripe.checkout.Session.create(
2026-01-02 05:29:22 +00:00:               ^^^^^^^^^^^^^^^^^^^^^^^^^^^^^^^
2026-01-02 05:29:22 +00:00:   File "/var/www/spirit-bead-backend/venv/lib64/python3.12/site-packages/stripe/api_resources/checkout/session.py", line 1075, in create
2026-01-02 05:29:22 +00:00:     cls._static_request(
2026-01-02 05:29:22 +00:00:   File "/var/www/spirit-bead-backend/venv/lib64/python3.12/site-packages/stripe/api_resources/abstract/api_resource.py", line 152, in _static_request
2026-01-02 05:29:22 +00:00:     response, api_key = requestor.request(method_, url_, params, headers)
2026-01-02 05:29:22 +00:00:                         ^^^^^^^^^^^^^^^^^^^^^^^^^^^^^^^^^^^^^^^^^^^^^^^^^
2026-01-02 05:29:22 +00:00:   File "/var/www/spirit-bead-backend/venv/lib64/python3.12/site-packages/stripe/api_requestor.py", line 119, in request
2026-01-02 05:29:22 +00:00:     rbody, rcode, rheaders, my_api_key = self.request_raw(
2026-01-02 05:29:22 +00:00:                                          ^^^^^^^^^^^^^^^^^
2026-01-02 05:29:22 +00:00:   File "/var/www/spirit-bead-backend/venv/lib64/python3.12/site-packages/stripe/api_requestor.py", line 303, in request_raw
2026-01-02 05:29:22 +00:00:     raise error.AuthenticationError(
2026-01-02 05:29:22 +00:00: stripe.error.AuthenticationError: No API key provided. (HINT: set your API key using "stripe.api_key = <API-KEY>"). You can generate API keys from the Stripe web interface.  See https://stripe.com/api for details, or email support@stripe.com if you have any questions.
2026-01-02 05:29:22 +00:00: [02/Jan/2026 05:29:22] "POST /api/payments/create-checkout-session/ HTTP/1.1" 500 137182
2026-01-02 05:29:27 +00:00: Internal Server Error: /api/payments/create-checkout-session/
2026-01-02 05:29:27 +00:00: Traceback (most recent call last):
2026-01-02 05:29:27 +00:00:   File "/var/www/spirit-bead-backend/venv/lib64/python3.12/site-packages/django/core/handlers/exception.py", line 55, in inner
2026-01-02 05:29:27 +00:00:     response = get_response(request)
2026-01-02 05:29:27 +00:00:                ^^^^^^^^^^^^^^^^^^^^^
2026-01-02 05:29:27 +00:00:   File "/var/www/spirit-bead-backend/venv/lib64/python3.12/site-packages/django/core/handlers/base.py", line 197, in _get_response
2026-01-02 05:29:27 +00:00:     response = wrapped_callback(request, *callback_args, **callback_kwargs)
2026-01-02 05:29:27 +00:00:                ^^^^^^^^^^^^^^^^^^^^^^^^^^^^^^^^^^^^^^^^^^^^^^^^^^^^^^^^^^^^
2026-01-02 05:29:27 +00:00:   File "/var/www/spirit-bead-backend/venv/lib64/python3.12/site-packages/django/views/decorators/csrf.py", line 56, in wrapper_view
2026-01-02 05:29:27 +00:00:     return view_func(*args, **kwargs)
2026-01-02 05:29:27 +00:00:            ^^^^^^^^^^^^^^^^^^^^^^^^^^
2026-01-02 05:29:27 +00:00:   File "/var/www/spirit-bead-backend/venv/lib64/python3.12/site-packages/django/views/decorators/csrf.py", line 56, in wrapper_view
2026-01-02 05:29:27 +00:00:     return view_func(*args, **kwargs)
2026-01-02 05:29:27 +00:00:            ^^^^^^^^^^^^^^^^^^^^^^^^^^
2026-01-02 05:29:27 +00:00:   File "/var/www/spirit-bead-backend/venv/lib64/python3.12/site-packages/django/views/generic/base.py", line 104, in view
2026-01-02 05:29:27 +00:00:     return self.dispatch(request, *args, **kwargs)
2026-01-02 05:29:27 +00:00:            ^^^^^^^^^^^^^^^^^^^^^^^^^^^^^^^^^^^^^^^
2026-01-02 05:29:27 +00:00:   File "/var/www/spirit-bead-backend/venv/lib64/python3.12/site-packages/rest_framework/views.py", line 509, in dispatch
2026-01-02 05:29:27 +00:00:     response = self.handle_exception(exc)
2026-01-02 05:29:27 +00:00:                ^^^^^^^^^^^^^^^^^^^^^^^^^^
2026-01-02 05:29:27 +00:00:   File "/var/www/spirit-bead-backend/venv/lib64/python3.12/site-packages/rest_framework/views.py", line 469, in handle_exception
2026-01-02 05:29:27 +00:00:     self.raise_uncaught_exception(exc)
2026-01-02 05:29:27 +00:00:   File "/var/www/spirit-bead-backend/venv/lib64/python3.12/site-packages/rest_framework/views.py", line 480, in raise_uncaught_exception
2026-01-02 05:29:27 +00:00:     raise exc
2026-01-02 05:29:27 +00:00:   File "/var/www/spirit-bead-backend/venv/lib64/python3.12/site-packages/rest_framework/views.py", line 506, in dispatch
2026-01-02 05:29:27 +00:00:     response = handler(request, *args, **kwargs)
2026-01-02 05:29:27 +00:00:                ^^^^^^^^^^^^^^^^^^^^^^^^^^^^^^^^^
2026-01-02 05:29:27 +00:00:   File "/var/www/spirit-bead-backend/venv/lib64/python3.12/site-packages/rest_framework/decorators.py", line 50, in handler
2026-01-02 05:29:27 +00:00:     return func(*args, **kwargs)
2026-01-02 05:29:27 +00:00:            ^^^^^^^^^^^^^^^^^^^^^
2026-01-02 05:29:27 +00:00:   File "/var/www/spirit-bead-backend/payments/views.py", line 128, in create_checkout_session
2026-01-02 05:29:27 +00:00:     session = stripe.checkout.Session.create(
2026-01-02 05:29:27 +00:00:               ^^^^^^^^^^^^^^^^^^^^^^^^^^^^^^^
2026-01-02 05:29:27 +00:00:   File "/var/www/spirit-bead-backend/venv/lib64/python3.12/site-packages/stripe/api_resources/checkout/session.py", line 1075, in create
2026-01-02 05:29:27 +00:00:     cls._static_request(
2026-01-02 05:29:27 +00:00:   File "/var/www/spirit-bead-backend/venv/lib64/python3.12/site-packages/stripe/api_resources/abstract/api_resource.py", line 152, in _static_request
2026-01-02 05:29:27 +00:00:     response, api_key = requestor.request(method_, url_, params, headers)
2026-01-02 05:29:27 +00:00:                         ^^^^^^^^^^^^^^^^^^^^^^^^^^^^^^^^^^^^^^^^^^^^^^^^^
2026-01-02 05:29:27 +00:00:   File "/var/www/spirit-bead-backend/venv/lib64/python3.12/site-packages/stripe/api_requestor.py", line 119, in request
2026-01-02 05:29:27 +00:00:     rbody, rcode, rheaders, my_api_key = self.request_raw(
2026-01-02 05:29:27 +00:00:                                          ^^^^^^^^^^^^^^^^^
2026-01-02 05:29:27 +00:00:   File "/var/www/spirit-bead-backend/venv/lib64/python3.12/site-packages/stripe/api_requestor.py", line 303, in request_raw
2026-01-02 05:29:27 +00:00:     raise error.AuthenticationError(
2026-01-02 05:29:27 +00:00: stripe.error.AuthenticationError: No API key provided. (HINT: set your API key using "stripe.api_key = <API-KEY>"). You can generate API keys from the Stripe web interface.  See https://stripe.com/api for details, or email support@stripe.com if you have any questions.
2026-01-02 05:29:27 +00:00: [02/Jan/2026 05:29:27] "POST /api/payments/create-checkout-session/ HTTP/1.1" 500 137182
2026-01-02 05:40:38 +00:00: Watching for file changes with StatReloader
2026-01-02 05:40:40 +00:00: Internal Server Error: /api/payments/create-checkout-session/
2026-01-02 05:40:40 +00:00: Traceback (most recent call last):
2026-01-02 05:40:40 +00:00:   File "/var/www/spirit-bead-backend/venv/lib64/python3.12/site-packages/django/core/handlers/exception.py", line 55, in inner
2026-01-02 05:40:40 +00:00:     response = get_response(request)
2026-01-02 05:40:40 +00:00:                ^^^^^^^^^^^^^^^^^^^^^
2026-01-02 05:40:40 +00:00:   File "/var/www/spirit-bead-backend/venv/lib64/python3.12/site-packages/django/core/handlers/base.py", line 197, in _get_response
2026-01-02 05:40:40 +00:00:     response = wrapped_callback(request, *callback_args, **callback_kwargs)
2026-01-02 05:40:40 +00:00:                ^^^^^^^^^^^^^^^^^^^^^^^^^^^^^^^^^^^^^^^^^^^^^^^^^^^^^^^^^^^^
2026-01-02 05:40:40 +00:00:   File "/var/www/spirit-bead-backend/venv/lib64/python3.12/site-packages/django/views/decorators/csrf.py", line 56, in wrapper_view
2026-01-02 05:40:40 +00:00:     return view_func(*args, **kwargs)
2026-01-02 05:40:40 +00:00:            ^^^^^^^^^^^^^^^^^^^^^^^^^^
2026-01-02 05:40:40 +00:00:   File "/var/www/spirit-bead-backend/venv/lib64/python3.12/site-packages/django/views/decorators/csrf.py", line 56, in wrapper_view
2026-01-02 05:40:40 +00:00:     return view_func(*args, **kwargs)
2026-01-02 05:40:40 +00:00:            ^^^^^^^^^^^^^^^^^^^^^^^^^^
2026-01-02 05:40:40 +00:00:   File "/var/www/spirit-bead-backend/venv/lib64/python3.12/site-packages/django/views/generic/base.py", line 104, in view
2026-01-02 05:40:40 +00:00:     return self.dispatch(request, *args, **kwargs)
2026-01-02 05:40:40 +00:00:            ^^^^^^^^^^^^^^^^^^^^^^^^^^^^^^^^^^^^^^^
2026-01-02 05:40:40 +00:00:   File "/var/www/spirit-bead-backend/venv/lib64/python3.12/site-packages/rest_framework/views.py", line 509, in dispatch
2026-01-02 05:40:40 +00:00:     response = self.handle_exception(exc)
2026-01-02 05:40:40 +00:00:                ^^^^^^^^^^^^^^^^^^^^^^^^^^
2026-01-02 05:40:40 +00:00:   File "/var/www/spirit-bead-backend/venv/lib64/python3.12/site-packages/rest_framework/views.py", line 469, in handle_exception
2026-01-02 05:40:40 +00:00:     self.raise_uncaught_exception(exc)
2026-01-02 05:40:40 +00:00:   File "/var/www/spirit-bead-backend/venv/lib64/python3.12/site-packages/rest_framework/views.py", line 480, in raise_uncaught_exception
2026-01-02 05:40:40 +00:00:     raise exc
2026-01-02 05:40:40 +00:00:   File "/var/www/spirit-bead-backend/venv/lib64/python3.12/site-packages/rest_framework/views.py", line 506, in dispatch
2026-01-02 05:40:40 +00:00:     response = handler(request, *args, **kwargs)
2026-01-02 05:40:40 +00:00:                ^^^^^^^^^^^^^^^^^^^^^^^^^^^^^^^^^
2026-01-02 05:40:40 +00:00:   File "/var/www/spirit-bead-backend/venv/lib64/python3.12/site-packages/rest_framework/decorators.py", line 50, in handler
2026-01-02 05:40:40 +00:00:     return func(*args, **kwargs)
2026-01-02 05:40:40 +00:00:            ^^^^^^^^^^^^^^^^^^^^^
2026-01-02 05:40:40 +00:00:   File "/var/www/spirit-bead-backend/payments/views.py", line 128, in create_checkout_session
2026-01-02 05:40:40 +00:00:     session = stripe.checkout.Session.create(
2026-01-02 05:40:40 +00:00:               ^^^^^^^^^^^^^^^^^^^^^^^^^^^^^^^
2026-01-02 05:40:40 +00:00:   File "/var/www/spirit-bead-backend/venv/lib64/python3.12/site-packages/stripe/api_resources/checkout/session.py", line 1075, in create
2026-01-02 05:40:40 +00:00:     cls._static_request(
2026-01-02 05:40:40 +00:00:   File "/var/www/spirit-bead-backend/venv/lib64/python3.12/site-packages/stripe/api_resources/abstract/api_resource.py", line 152, in _static_request
2026-01-02 05:40:40 +00:00:     response, api_key = requestor.request(method_, url_, params, headers)
2026-01-02 05:40:40 +00:00:                         ^^^^^^^^^^^^^^^^^^^^^^^^^^^^^^^^^^^^^^^^^^^^^^^^^
2026-01-02 05:40:40 +00:00:   File "/var/www/spirit-bead-backend/venv/lib64/python3.12/site-packages/stripe/api_requestor.py", line 122, in request
2026-01-02 05:40:40 +00:00:     resp = self.interpret_response(rbody, rcode, rheaders)
2026-01-02 05:40:40 +00:00:            ^^^^^^^^^^^^^^^^^^^^^^^^^^^^^^^^^^^^^^^^^^^^^^^
2026-01-02 05:40:40 +00:00:   File "/var/www/spirit-bead-backend/venv/lib64/python3.12/site-packages/stripe/api_requestor.py", line 399, in interpret_response
2026-01-02 05:40:40 +00:00:     self.handle_error_response(rbody, rcode, resp.data, rheaders)
2026-01-02 05:40:40 +00:00:   File "/var/www/spirit-bead-backend/venv/lib64/python3.12/site-packages/stripe/api_requestor.py", line 159, in handle_error_response
2026-01-02 05:40:40 +00:00:     raise err
2026-01-02 05:40:40 +00:00: stripe.error.InvalidRequestError: Request req_3D47TjjNitc4Ye: No such price: 'price_1SkClPRmCd9AvJWBrVuTex0L'
2026-01-02 05:40:40 +00:00: [02/Jan/2026 05:40:40] "POST /api/payments/create-checkout-session/ HTTP/1.1" 500 150736
2026-01-02 05:45:12 +00:00: /var/www/spirit-bead-backend/payments/views.py changed, reloading.
2026-01-02 05:45:14 +00:00: Watching for file changes with StatReloader
2026-01-02 05:45:52 +00:00: /var/www/spirit-bead-backend/spiritbead/settings.py changed, reloading.
2026-01-02 05:50:42 +00:00: [02/Jan/2026 05:50:42] "GET /admin/ HTTP/1.1" 200 10263
2026-01-02 05:50:42 +00:00: [02/Jan/2026 05:50:42] "GET /static/admin/css/base.css HTTP/1.1" 404 179
2026-01-02 05:50:42 +00:00: [02/Jan/2026 05:50:42] "GET /static/admin/css/nav_sidebar.css HTTP/1.1" 404 179
2026-01-02 05:50:42 +00:00: [02/Jan/2026 05:50:42] "GET /static/admin/css/dark_mode.css HTTP/1.1" 404 179
2026-01-02 05:50:42 +00:00: [02/Jan/2026 05:50:42] "GET /static/admin/css/dashboard.css HTTP/1.1" 404 179
2026-01-02 05:50:42 +00:00: [02/Jan/2026 05:50:42] "GET /static/admin/css/responsive.css HTTP/1.1" 404 179
2026-01-02 05:50:42 +00:00: [02/Jan/2026 05:50:42] "GET /static/admin/js/theme.js HTTP/1.1" 404 179
2026-01-02 05:50:42 +00:00: [02/Jan/2026 05:50:42] "GET /static/admin/js/nav_sidebar.js HTTP/1.1" 404 179
2026-01-02 05:51:14 +00:00: [02/Jan/2026 05:51:14] "GET /admin/ HTTP/1.1" 200 10263
2026-01-02 05:51:15 +00:00: [02/Jan/2026 05:51:15] "GET /static/admin/css/base.css HTTP/1.1" 404 179
2026-01-02 05:51:15 +00:00: [02/Jan/2026 05:51:15] "GET /static/admin/css/dark_mode.css HTTP/1.1" 404 179
2026-01-02 05:51:15 +00:00: [02/Jan/2026 05:51:15] "GET /static/admin/css/nav_sidebar.css HTTP/1.1" 404 179
2026-01-02 05:51:15 +00:00: [02/Jan/2026 05:51:15] "GET /static/admin/css/dashboard.css HTTP/1.1" 404 179
2026-01-02 05:51:15 +00:00: [02/Jan/2026 05:51:15] "GET /static/admin/css/responsive.css HTTP/1.1" 404 179
2026-01-02 05:51:15 +00:00: [02/Jan/2026 05:51:15] "GET /static/admin/js/theme.js HTTP/1.1" 404 179
2026-01-02 05:51:15 +00:00: [02/Jan/2026 05:51:15] "GET /static/admin/js/nav_sidebar.js HTTP/1.1" 404 179
2026-01-02 05:51:19 +00:00: [02/Jan/2026 05:51:19] "GET /admin/ HTTP/1.1" 200 10263
2026-01-02 05:51:19 +00:00: [02/Jan/2026 05:51:19] "GET /static/admin/css/base.css HTTP/1.1" 404 179
2026-01-02 05:51:19 +00:00: [02/Jan/2026 05:51:19] "GET /static/admin/css/dark_mode.css HTTP/1.1" 404 179
2026-01-02 05:51:19 +00:00: [02/Jan/2026 05:51:19] "GET /static/admin/css/nav_sidebar.css HTTP/1.1" 404 179
2026-01-02 05:51:19 +00:00: [02/Jan/2026 05:51:19] "GET /static/admin/css/responsive.css HTTP/1.1" 404 179
2026-01-02 05:51:19 +00:00: [02/Jan/2026 05:51:19] "GET /static/admin/css/dashboard.css HTTP/1.1" 404 179
2026-01-02 05:51:19 +00:00: [02/Jan/2026 05:51:19] "GET /static/admin/js/theme.js HTTP/1.1" 404 179
2026-01-02 05:51:19 +00:00: [02/Jan/2026 05:51:19] "GET /static/admin/js/nav_sidebar.js HTTP/1.1" 404 179
2026-01-02 05:51:35 +00:00: [02/Jan/2026 05:51:35] "GET /admin/ HTTP/1.1" 200 10263
2026-01-02 05:51:36 +00:00: [02/Jan/2026 05:51:36] "GET /static/admin/css/base.css HTTP/1.1" 404 179
2026-01-02 05:51:36 +00:00: [02/Jan/2026 05:51:36] "GET /static/admin/css/dark_mode.css HTTP/1.1" 404 179
2026-01-02 05:51:36 +00:00: [02/Jan/2026 05:51:36] "GET /static/admin/css/nav_sidebar.css HTTP/1.1" 404 179
2026-01-02 05:51:36 +00:00: [02/Jan/2026 05:51:36] "GET /static/admin/css/dashboard.css HTTP/1.1" 404 179
2026-01-02 05:51:36 +00:00: [02/Jan/2026 05:51:36] "GET /static/admin/css/responsive.css HTTP/1.1" 404 179
2026-01-02 05:51:36 +00:00: [02/Jan/2026 05:51:36] "GET /static/admin/js/theme.js HTTP/1.1" 404 179
2026-01-02 05:51:36 +00:00: [02/Jan/2026 05:51:36] "GET /static/admin/js/nav_sidebar.js HTTP/1.1" 404 179
2026-01-02 05:51:40 +00:00: [02/Jan/2026 05:51:40] "GET /static/admin/css/nav_sidebar.css HTTP/1.1" 404 179
2026-01-02 05:51:40 +00:00: [02/Jan/2026 05:51:40] "GET /static/admin/css/dashboard.css HTTP/1.1" 404 179
2026-01-02 05:51:40 +00:00: [02/Jan/2026 05:51:40] "GET /static/admin/css/dark_mode.css HTTP/1.1" 404 179
2026-01-02 05:51:40 +00:00: [02/Jan/2026 05:51:40] "GET /static/admin/css/base.css HTTP/1.1" 404 179
2026-01-02 05:51:40 +00:00: [02/Jan/2026 05:51:40] "GET /static/admin/css/responsive.css HTTP/1.1" 404 179
2026-01-02 05:59:58 +00:00: [02/Jan/2026 05:59:58] "GET /admin/ HTTP/1.1" 200 10263
2026-01-02 06:00:01 +00:00: [02/Jan/2026 06:00:01] "GET /admin/ HTTP/1.1" 200 10263
2026-01-02 06:00:03 +00:00: [02/Jan/2026 06:00:03] "GET /admin/ HTTP/1.1" 200 10263
2026-01-02 06:00:05 +00:00: [02/Jan/2026 06:00:05] "GET /admin/ HTTP/1.1" 200 10263
2026-01-02 06:00:06 +00:00: [02/Jan/2026 06:00:06] "GET /admin/ HTTP/1.1" 200 10263
2026-01-02 06:00:09 +00:00: [02/Jan/2026 06:00:09] "GET /admin/ HTTP/1.1" 200 10263
2026-01-02 06:03:46 +00:00: [02/Jan/2026 06:03:46] "GET /admin/ HTTP/1.1" 200 10263
2026-01-02 06:04:22 +00:00: [02/Jan/2026 06:04:22] "GET /admin/ HTTP/1.1" 200 10263
2026-01-02 06:05:08 +00:00: [02/Jan/2026 06:05:08] "GET /admin/ HTTP/1.1" 200 10263
2026-01-02 06:05:11 +00:00: [02/Jan/2026 06:05:11] "GET /admin/ HTTP/1.1" 200 10263
2026-01-02 06:05:17 +00:00: [02/Jan/2026 06:05:17] "GET /admin/ HTTP/1.1" 200 10263
2026-01-02 06:05:19 +00:00: [02/Jan/2026 06:05:19] "GET /admin/ HTTP/1.1" 200 10263
2026-01-02 06:05:25 +00:00: [02/Jan/2026 06:05:25] "GET /admin/ HTTP/1.1" 200 10263
2026-01-02 06:06:35 +00:00: [02/Jan/2026 06:06:35] "POST /api/graphql HTTP/1.1" 404 179
2026-01-02 06:06:36 +00:00: [02/Jan/2026 06:06:36] "POST /api/gql HTTP/1.1" 404 179
2026-01-02 06:06:46 +00:00: [02/Jan/2026 06:06:46] "GET /api/swagger.json HTTP/1.1" 404 179
2026-01-02 06:09:08 +00:00: [02/Jan/2026 06:09:08] "GET /static/admin/css/base.css HTTP/1.1" 404 179
2026-01-02 06:10:14 +00:00: [02/Jan/2026 06:10:14] "GET /admin/ HTTP/1.1" 200 10263
2026-01-02 06:10:15 +00:00: [02/Jan/2026 06:10:15] "GET /admin/ HTTP/1.1" 200 10263
2026-01-02 06:10:16 +00:00: [02/Jan/2026 06:10:16] "GET /admin/ HTTP/1.1" 200 10263
2026-01-02 06:13:44 +00:00: [02/Jan/2026 06:13:44] "HEAD /admin/ HTTP/1.1" 302 0
2026-01-02 06:14:05 +00:00: [02/Jan/2026 06:14:05] "GET /admin/ HTTP/1.1" 200 10263
2026-01-02 06:14:05 +00:00: [02/Jan/2026 06:14:05] "GET /favicon.ico HTTP/1.1" 404 179
2026-01-02 06:14:11 +00:00: [02/Jan/2026 06:14:11] "GET /admin/products/product/ HTTP/1.1" 200 16399
2026-01-02 06:14:11 +00:00: [02/Jan/2026 06:14:11] "GET /admin/jsi18n/ HTTP/1.1" 200 3343
2026-01-02 06:14:17 +00:00: [02/Jan/2026 06:14:17] "POST /admin/products/product/ HTTP/1.1" 500 145
2026-01-02 06:16:22 +00:00: [02/Jan/2026 06:16:22] "POST /admin/products/product/ HTTP/1.1" 500 145
2026-01-02 06:16:28 +00:00: [02/Jan/2026 06:16:28] "GET /admin/products/product/ HTTP/1.1" 200 16399
2026-01-02 06:16:32 +00:00: [02/Jan/2026 06:16:32] "POST /admin/products/product/ HTTP/1.1" 500 145
2026-01-02 06:20:03 +00:00: [02/Jan/2026 06:20:03] "GET /admin/products/product/ HTTP/1.1" 200 16399
2026-01-02 06:21:43 +00:00: Stripe API error for product 1: Request req_mCqoIS5mmYM3Ca: No such product: 'prod_ThbzhssJo926LU'
2026-01-02 06:21:43 +00:00: Traceback (most recent call last):
2026-01-02 06:21:43 +00:00:   File "/var/www/spirit-bead-backend/products/services/stripe_sync.py", line 35, in ensure_stripe_product_and_price
2026-01-02 06:21:43 +00:00:     stripe_price = stripe.Price.create(
2026-01-02 06:21:43 +00:00:                    ^^^^^^^^^^^^^^^^^^^^
2026-01-02 06:21:43 +00:00:   File "/var/www/spirit-bead-backend/venv/lib64/python3.12/site-packages/stripe/api_resources/price.py", line 244, in create
2026-01-02 06:21:43 +00:00:     cls._static_request(
2026-01-02 06:21:43 +00:00:   File "/var/www/spirit-bead-backend/venv/lib64/python3.12/site-packages/stripe/api_resources/abstract/api_resource.py", line 152, in _static_request
2026-01-02 06:21:43 +00:00:     response, api_key = requestor.request(method_, url_, params, headers)
2026-01-02 06:21:43 +00:00:                         ^^^^^^^^^^^^^^^^^^^^^^^^^^^^^^^^^^^^^^^^^^^^^^^^^
2026-01-02 06:21:43 +00:00:   File "/var/www/spirit-bead-backend/venv/lib64/python3.12/site-packages/stripe/api_requestor.py", line 122, in request
2026-01-02 06:21:43 +00:00:     resp = self.interpret_response(rbody, rcode, rheaders)
2026-01-02 06:21:43 +00:00:            ^^^^^^^^^^^^^^^^^^^^^^^^^^^^^^^^^^^^^^^^^^^^^^^
2026-01-02 06:21:43 +00:00:   File "/var/www/spirit-bead-backend/venv/lib64/python3.12/site-packages/stripe/api_requestor.py", line 399, in interpret_response
2026-01-02 06:21:43 +00:00:     self.handle_error_response(rbody, rcode, resp.data, rheaders)
2026-01-02 06:21:43 +00:00:   File "/var/www/spirit-bead-backend/venv/lib64/python3.12/site-packages/stripe/api_requestor.py", line 159, in handle_error_response
2026-01-02 06:21:43 +00:00:     raise err
2026-01-02 06:21:43 +00:00: stripe.error.InvalidRequestError: Request req_mCqoIS5mmYM3Ca: No such product: 'prod_ThbzhssJo926LU'
2026-01-02 06:21:43 +00:00: Failed to sync product 1 to Stripe: Request req_mCqoIS5mmYM3Ca: No such product: 'prod_ThbzhssJo926LU'
2026-01-02 06:21:43 +00:00: Traceback (most recent call last):
2026-01-02 06:21:43 +00:00:   File "/var/www/spirit-bead-backend/products/admin.py", line 45, in sync_prices_to_stripe
2026-01-02 06:21:43 +00:00:     result = ensure_stripe_product_and_price(product)
2026-01-02 06:21:43 +00:00:              ^^^^^^^^^^^^^^^^^^^^^^^^^^^^^^^^^^^^^^^^
2026-01-02 06:21:43 +00:00:   File "/var/www/spirit-bead-backend/products/services/stripe_sync.py", line 35, in ensure_stripe_product_and_price
2026-01-02 06:21:43 +00:00:     stripe_price = stripe.Price.create(
2026-01-02 06:21:43 +00:00:                    ^^^^^^^^^^^^^^^^^^^^
2026-01-02 06:21:43 +00:00:   File "/var/www/spirit-bead-backend/venv/lib64/python3.12/site-packages/stripe/api_resources/price.py", line 244, in create
2026-01-02 06:21:43 +00:00:     cls._static_request(
2026-01-02 06:21:43 +00:00:   File "/var/www/spirit-bead-backend/venv/lib64/python3.12/site-packages/stripe/api_resources/abstract/api_resource.py", line 152, in _static_request
2026-01-02 06:21:43 +00:00:     response, api_key = requestor.request(method_, url_, params, headers)
2026-01-02 06:21:43 +00:00:                         ^^^^^^^^^^^^^^^^^^^^^^^^^^^^^^^^^^^^^^^^^^^^^^^^^
2026-01-02 06:21:43 +00:00:   File "/var/www/spirit-bead-backend/venv/lib64/python3.12/site-packages/stripe/api_requestor.py", line 122, in request
2026-01-02 06:21:43 +00:00:     resp = self.interpret_response(rbody, rcode, rheaders)
2026-01-02 06:21:43 +00:00:            ^^^^^^^^^^^^^^^^^^^^^^^^^^^^^^^^^^^^^^^^^^^^^^^
2026-01-02 06:21:43 +00:00:   File "/var/www/spirit-bead-backend/venv/lib64/python3.12/site-packages/stripe/api_requestor.py", line 399, in interpret_response
2026-01-02 06:21:43 +00:00:     self.handle_error_response(rbody, rcode, resp.data, rheaders)
2026-01-02 06:21:43 +00:00:   File "/var/www/spirit-bead-backend/venv/lib64/python3.12/site-packages/stripe/api_requestor.py", line 159, in handle_error_response
2026-01-02 06:21:43 +00:00:     raise err
2026-01-02 06:21:43 +00:00: stripe.error.InvalidRequestError: Request req_mCqoIS5mmYM3Ca: No such product: 'prod_ThbzhssJo926LU'
2026-01-02 06:21:43 +00:00: Stripe API error for product 5: Request req_b2xmVBl9PnxcF6: No such product: 'prod_ThbzmcTnn6cIlp'
2026-01-02 06:21:43 +00:00: Traceback (most recent call last):
2026-01-02 06:21:43 +00:00:   File "/var/www/spirit-bead-backend/products/services/stripe_sync.py", line 35, in ensure_stripe_product_and_price
2026-01-02 06:21:43 +00:00:     stripe_price = stripe.Price.create(
2026-01-02 06:21:43 +00:00:                    ^^^^^^^^^^^^^^^^^^^^
2026-01-02 06:21:43 +00:00:   File "/var/www/spirit-bead-backend/venv/lib64/python3.12/site-packages/stripe/api_resources/price.py", line 244, in create
2026-01-02 06:21:43 +00:00:     cls._static_request(
2026-01-02 06:21:43 +00:00:   File "/var/www/spirit-bead-backend/venv/lib64/python3.12/site-packages/stripe/api_resources/abstract/api_resource.py", line 152, in _static_request
2026-01-02 06:21:43 +00:00:     response, api_key = requestor.request(method_, url_, params, headers)
2026-01-02 06:21:43 +00:00:                         ^^^^^^^^^^^^^^^^^^^^^^^^^^^^^^^^^^^^^^^^^^^^^^^^^
2026-01-02 06:21:43 +00:00:   File "/var/www/spirit-bead-backend/venv/lib64/python3.12/site-packages/stripe/api_requestor.py", line 122, in request
2026-01-02 06:21:43 +00:00:     resp = self.interpret_response(rbody, rcode, rheaders)
2026-01-02 06:21:43 +00:00:            ^^^^^^^^^^^^^^^^^^^^^^^^^^^^^^^^^^^^^^^^^^^^^^^
2026-01-02 06:21:43 +00:00:   File "/var/www/spirit-bead-backend/venv/lib64/python3.12/site-packages/stripe/api_requestor.py", line 399, in interpret_response
2026-01-02 06:21:43 +00:00:     self.handle_error_response(rbody, rcode, resp.data, rheaders)
2026-01-02 06:21:43 +00:00:   File "/var/www/spirit-bead-backend/venv/lib64/python3.12/site-packages/stripe/api_requestor.py", line 159, in handle_error_response
2026-01-02 06:21:43 +00:00:     raise err
2026-01-02 06:21:43 +00:00: stripe.error.InvalidRequestError: Request req_b2xmVBl9PnxcF6: No such product: 'prod_ThbzmcTnn6cIlp'
2026-01-02 06:21:43 +00:00: Failed to sync product 5 to Stripe: Request req_b2xmVBl9PnxcF6: No such product: 'prod_ThbzmcTnn6cIlp'
2026-01-02 06:21:43 +00:00: Traceback (most recent call last):
2026-01-02 06:21:43 +00:00:   File "/var/www/spirit-bead-backend/products/admin.py", line 45, in sync_prices_to_stripe
2026-01-02 06:21:43 +00:00:     result = ensure_stripe_product_and_price(product)
2026-01-02 06:21:43 +00:00:              ^^^^^^^^^^^^^^^^^^^^^^^^^^^^^^^^^^^^^^^^
2026-01-02 06:21:43 +00:00:   File "/var/www/spirit-bead-backend/products/services/stripe_sync.py", line 35, in ensure_stripe_product_and_price
2026-01-02 06:21:43 +00:00:     stripe_price = stripe.Price.create(
2026-01-02 06:21:43 +00:00:                    ^^^^^^^^^^^^^^^^^^^^
2026-01-02 06:21:43 +00:00:   File "/var/www/spirit-bead-backend/venv/lib64/python3.12/site-packages/stripe/api_resources/price.py", line 244, in create
2026-01-02 06:21:43 +00:00:     cls._static_request(
2026-01-02 06:21:43 +00:00:   File "/var/www/spirit-bead-backend/venv/lib64/python3.12/site-packages/stripe/api_resources/abstract/api_resource.py", line 152, in _static_request
2026-01-02 06:21:43 +00:00:     response, api_key = requestor.request(method_, url_, params, headers)
2026-01-02 06:21:43 +00:00:                         ^^^^^^^^^^^^^^^^^^^^^^^^^^^^^^^^^^^^^^^^^^^^^^^^^
2026-01-02 06:21:43 +00:00:   File "/var/www/spirit-bead-backend/venv/lib64/python3.12/site-packages/stripe/api_requestor.py", line 122, in request
2026-01-02 06:21:43 +00:00:     resp = self.interpret_response(rbody, rcode, rheaders)
2026-01-02 06:21:43 +00:00:            ^^^^^^^^^^^^^^^^^^^^^^^^^^^^^^^^^^^^^^^^^^^^^^^
2026-01-02 06:21:43 +00:00:   File "/var/www/spirit-bead-backend/venv/lib64/python3.12/site-packages/stripe/api_requestor.py", line 399, in interpret_response
2026-01-02 06:21:43 +00:00:     self.handle_error_response(rbody, rcode, resp.data, rheaders)
2026-01-02 06:21:43 +00:00:   File "/var/www/spirit-bead-backend/venv/lib64/python3.12/site-packages/stripe/api_requestor.py", line 159, in handle_error_response
2026-01-02 06:21:43 +00:00:     raise err
2026-01-02 06:21:43 +00:00: stripe.error.InvalidRequestError: Request req_b2xmVBl9PnxcF6: No such product: 'prod_ThbzmcTnn6cIlp'
2026-01-02 06:21:44 +00:00: Stripe API error for product 6: Request req_tOLDAq5nmS3dPi: No such product: 'prod_Thbzzdr6Tm25dC'
2026-01-02 06:21:44 +00:00: Traceback (most recent call last):
2026-01-02 06:21:44 +00:00:   File "/var/www/spirit-bead-backend/products/services/stripe_sync.py", line 35, in ensure_stripe_product_and_price
2026-01-02 06:21:44 +00:00:     stripe_price = stripe.Price.create(
2026-01-02 06:21:44 +00:00:                    ^^^^^^^^^^^^^^^^^^^^
2026-01-02 06:21:44 +00:00:   File "/var/www/spirit-bead-backend/venv/lib64/python3.12/site-packages/stripe/api_resources/price.py", line 244, in create
2026-01-02 06:21:44 +00:00:     cls._static_request(
2026-01-02 06:21:44 +00:00:   File "/var/www/spirit-bead-backend/venv/lib64/python3.12/site-packages/stripe/api_resources/abstract/api_resource.py", line 152, in _static_request
2026-01-02 06:21:44 +00:00:     response, api_key = requestor.request(method_, url_, params, headers)
2026-01-02 06:21:44 +00:00:                         ^^^^^^^^^^^^^^^^^^^^^^^^^^^^^^^^^^^^^^^^^^^^^^^^^
2026-01-02 06:21:44 +00:00:   File "/var/www/spirit-bead-backend/venv/lib64/python3.12/site-packages/stripe/api_requestor.py", line 122, in request
2026-01-02 06:21:44 +00:00:     resp = self.interpret_response(rbody, rcode, rheaders)
2026-01-02 06:21:44 +00:00:            ^^^^^^^^^^^^^^^^^^^^^^^^^^^^^^^^^^^^^^^^^^^^^^^
2026-01-02 06:21:44 +00:00:   File "/var/www/spirit-bead-backend/venv/lib64/python3.12/site-packages/stripe/api_requestor.py", line 399, in interpret_response
2026-01-02 06:21:44 +00:00:     self.handle_error_response(rbody, rcode, resp.data, rheaders)
2026-01-02 06:21:44 +00:00:   File "/var/www/spirit-bead-backend/venv/lib64/python3.12/site-packages/stripe/api_requestor.py", line 159, in handle_error_response
2026-01-02 06:21:44 +00:00:     raise err
2026-01-02 06:21:44 +00:00: stripe.error.InvalidRequestError: Request req_tOLDAq5nmS3dPi: No such product: 'prod_Thbzzdr6Tm25dC'
2026-01-02 06:21:44 +00:00: Failed to sync product 6 to Stripe: Request req_tOLDAq5nmS3dPi: No such product: 'prod_Thbzzdr6Tm25dC'
2026-01-02 06:21:44 +00:00: Traceback (most recent call last):
2026-01-02 06:21:44 +00:00:   File "/var/www/spirit-bead-backend/products/admin.py", line 45, in sync_prices_to_stripe
2026-01-02 06:21:44 +00:00:     result = ensure_stripe_product_and_price(product)
2026-01-02 06:21:44 +00:00:              ^^^^^^^^^^^^^^^^^^^^^^^^^^^^^^^^^^^^^^^^
2026-01-02 06:21:44 +00:00:   File "/var/www/spirit-bead-backend/products/services/stripe_sync.py", line 35, in ensure_stripe_product_and_price
2026-01-02 06:21:44 +00:00:     stripe_price = stripe.Price.create(
2026-01-02 06:21:44 +00:00:                    ^^^^^^^^^^^^^^^^^^^^
2026-01-02 06:21:44 +00:00:   File "/var/www/spirit-bead-backend/venv/lib64/python3.12/site-packages/stripe/api_resources/price.py", line 244, in create
2026-01-02 06:21:44 +00:00:     cls._static_request(
2026-01-02 06:21:44 +00:00:   File "/var/www/spirit-bead-backend/venv/lib64/python3.12/site-packages/stripe/api_resources/abstract/api_resource.py", line 152, in _static_request
2026-01-02 06:21:44 +00:00:     response, api_key = requestor.request(method_, url_, params, headers)
2026-01-02 06:21:44 +00:00:                         ^^^^^^^^^^^^^^^^^^^^^^^^^^^^^^^^^^^^^^^^^^^^^^^^^
2026-01-02 06:21:44 +00:00:   File "/var/www/spirit-bead-backend/venv/lib64/python3.12/site-packages/stripe/api_requestor.py", line 122, in request
2026-01-02 06:21:44 +00:00:     resp = self.interpret_response(rbody, rcode, rheaders)
2026-01-02 06:21:44 +00:00:            ^^^^^^^^^^^^^^^^^^^^^^^^^^^^^^^^^^^^^^^^^^^^^^^
2026-01-02 06:21:44 +00:00:   File "/var/www/spirit-bead-backend/venv/lib64/python3.12/site-packages/stripe/api_requestor.py", line 399, in interpret_response
2026-01-02 06:21:44 +00:00:     self.handle_error_response(rbody, rcode, resp.data, rheaders)
2026-01-02 06:21:44 +00:00:   File "/var/www/spirit-bead-backend/venv/lib64/python3.12/site-packages/stripe/api_requestor.py", line 159, in handle_error_response
2026-01-02 06:21:44 +00:00:     raise err
2026-01-02 06:21:44 +00:00: stripe.error.InvalidRequestError: Request req_tOLDAq5nmS3dPi: No such product: 'prod_Thbzzdr6Tm25dC'
2026-01-02 06:21:44 +00:00: Stripe API error for product 7: Request req_riXyH7LRBwIRKn: No such product: 'prod_ThbzcDIR9AcNbp'
2026-01-02 06:21:44 +00:00: Traceback (most recent call last):
2026-01-02 06:21:44 +00:00:   File "/var/www/spirit-bead-backend/products/services/stripe_sync.py", line 35, in ensure_stripe_product_and_price
2026-01-02 06:21:44 +00:00:     stripe_price = stripe.Price.create(
2026-01-02 06:21:44 +00:00:                    ^^^^^^^^^^^^^^^^^^^^
2026-01-02 06:21:44 +00:00:   File "/var/www/spirit-bead-backend/venv/lib64/python3.12/site-packages/stripe/api_resources/price.py", line 244, in create
2026-01-02 06:21:44 +00:00:     cls._static_request(
2026-01-02 06:21:44 +00:00:   File "/var/www/spirit-bead-backend/venv/lib64/python3.12/site-packages/stripe/api_resources/abstract/api_resource.py", line 152, in _static_request
2026-01-02 06:21:44 +00:00:     response, api_key = requestor.request(method_, url_, params, headers)
2026-01-02 06:21:44 +00:00:                         ^^^^^^^^^^^^^^^^^^^^^^^^^^^^^^^^^^^^^^^^^^^^^^^^^
2026-01-02 06:21:44 +00:00:   File "/var/www/spirit-bead-backend/venv/lib64/python3.12/site-packages/stripe/api_requestor.py", line 122, in request
2026-01-02 06:21:44 +00:00:     resp = self.interpret_response(rbody, rcode, rheaders)
2026-01-02 06:21:44 +00:00:            ^^^^^^^^^^^^^^^^^^^^^^^^^^^^^^^^^^^^^^^^^^^^^^^
2026-01-02 06:21:44 +00:00:   File "/var/www/spirit-bead-backend/venv/lib64/python3.12/site-packages/stripe/api_requestor.py", line 399, in interpret_response
2026-01-02 06:21:44 +00:00:     self.handle_error_response(rbody, rcode, resp.data, rheaders)
2026-01-02 06:21:44 +00:00:   File "/var/www/spirit-bead-backend/venv/lib64/python3.12/site-packages/stripe/api_requestor.py", line 159, in handle_error_response
2026-01-02 06:21:44 +00:00:     raise err
2026-01-02 06:21:44 +00:00: stripe.error.InvalidRequestError: Request req_riXyH7LRBwIRKn: No such product: 'prod_ThbzcDIR9AcNbp'
2026-01-02 06:21:44 +00:00: Failed to sync product 7 to Stripe: Request req_riXyH7LRBwIRKn: No such product: 'prod_ThbzcDIR9AcNbp'
2026-01-02 06:21:44 +00:00: Traceback (most recent call last):
2026-01-02 06:21:44 +00:00:   File "/var/www/spirit-bead-backend/products/admin.py", line 45, in sync_prices_to_stripe
2026-01-02 06:21:44 +00:00:     result = ensure_stripe_product_and_price(product)
2026-01-02 06:21:44 +00:00:              ^^^^^^^^^^^^^^^^^^^^^^^^^^^^^^^^^^^^^^^^
2026-01-02 06:21:44 +00:00:   File "/var/www/spirit-bead-backend/products/services/stripe_sync.py", line 35, in ensure_stripe_product_and_price
2026-01-02 06:21:44 +00:00:     stripe_price = stripe.Price.create(
2026-01-02 06:21:44 +00:00:                    ^^^^^^^^^^^^^^^^^^^^
2026-01-02 06:21:44 +00:00:   File "/var/www/spirit-bead-backend/venv/lib64/python3.12/site-packages/stripe/api_resources/price.py", line 244, in create
2026-01-02 06:21:44 +00:00:     cls._static_request(
2026-01-02 06:21:44 +00:00:   File "/var/www/spirit-bead-backend/venv/lib64/python3.12/site-packages/stripe/api_resources/abstract/api_resource.py", line 152, in _static_request
2026-01-02 06:21:44 +00:00:     response, api_key = requestor.request(method_, url_, params, headers)
2026-01-02 06:21:44 +00:00:                         ^^^^^^^^^^^^^^^^^^^^^^^^^^^^^^^^^^^^^^^^^^^^^^^^^
2026-01-02 06:21:44 +00:00:   File "/var/www/spirit-bead-backend/venv/lib64/python3.12/site-packages/stripe/api_requestor.py", line 122, in request
2026-01-02 06:21:44 +00:00:     resp = self.interpret_response(rbody, rcode, rheaders)
2026-01-02 06:21:44 +00:00:            ^^^^^^^^^^^^^^^^^^^^^^^^^^^^^^^^^^^^^^^^^^^^^^^
2026-01-02 06:21:44 +00:00:   File "/var/www/spirit-bead-backend/venv/lib64/python3.12/site-packages/stripe/api_requestor.py", line 399, in interpret_response
2026-01-02 06:21:44 +00:00:     self.handle_error_response(rbody, rcode, resp.data, rheaders)
2026-01-02 06:21:44 +00:00:   File "/var/www/spirit-bead-backend/venv/lib64/python3.12/site-packages/stripe/api_requestor.py", line 159, in handle_error_response
2026-01-02 06:21:44 +00:00:     raise err
2026-01-02 06:21:44 +00:00: stripe.error.InvalidRequestError: Request req_riXyH7LRBwIRKn: No such product: 'prod_ThbzcDIR9AcNbp'
2026-01-02 06:21:44 +00:00: Stripe API error for product 4: Request req_eM7kemHHGkOaFw: No such product: 'prod_ThbzAxfMZXCnxO'
2026-01-02 06:21:44 +00:00: Traceback (most recent call last):
2026-01-02 06:21:44 +00:00:   File "/var/www/spirit-bead-backend/products/services/stripe_sync.py", line 35, in ensure_stripe_product_and_price
2026-01-02 06:21:44 +00:00:     stripe_price = stripe.Price.create(
2026-01-02 06:21:44 +00:00:                    ^^^^^^^^^^^^^^^^^^^^
2026-01-02 06:21:44 +00:00:   File "/var/www/spirit-bead-backend/venv/lib64/python3.12/site-packages/stripe/api_resources/price.py", line 244, in create
2026-01-02 06:21:44 +00:00:     cls._static_request(
2026-01-02 06:21:44 +00:00:   File "/var/www/spirit-bead-backend/venv/lib64/python3.12/site-packages/stripe/api_resources/abstract/api_resource.py", line 152, in _static_request
2026-01-02 06:21:44 +00:00:     response, api_key = requestor.request(method_, url_, params, headers)
2026-01-02 06:21:44 +00:00:                         ^^^^^^^^^^^^^^^^^^^^^^^^^^^^^^^^^^^^^^^^^^^^^^^^^
2026-01-02 06:21:44 +00:00:   File "/var/www/spirit-bead-backend/venv/lib64/python3.12/site-packages/stripe/api_requestor.py", line 122, in request
2026-01-02 06:21:44 +00:00:     resp = self.interpret_response(rbody, rcode, rheaders)
2026-01-02 06:21:44 +00:00:            ^^^^^^^^^^^^^^^^^^^^^^^^^^^^^^^^^^^^^^^^^^^^^^^
2026-01-02 06:21:44 +00:00:   File "/var/www/spirit-bead-backend/venv/lib64/python3.12/site-packages/stripe/api_requestor.py", line 399, in interpret_response
2026-01-02 06:21:44 +00:00:     self.handle_error_response(rbody, rcode, resp.data, rheaders)
2026-01-02 06:21:44 +00:00:   File "/var/www/spirit-bead-backend/venv/lib64/python3.12/site-packages/stripe/api_requestor.py", line 159, in handle_error_response
2026-01-02 06:21:44 +00:00:     raise err
2026-01-02 06:21:44 +00:00: stripe.error.InvalidRequestError: Request req_eM7kemHHGkOaFw: No such product: 'prod_ThbzAxfMZXCnxO'
2026-01-02 06:21:44 +00:00: Failed to sync product 4 to Stripe: Request req_eM7kemHHGkOaFw: No such product: 'prod_ThbzAxfMZXCnxO'
2026-01-02 06:21:44 +00:00: Traceback (most recent call last):
2026-01-02 06:21:44 +00:00:   File "/var/www/spirit-bead-backend/products/admin.py", line 45, in sync_prices_to_stripe
2026-01-02 06:21:44 +00:00:     result = ensure_stripe_product_and_price(product)
2026-01-02 06:21:44 +00:00:              ^^^^^^^^^^^^^^^^^^^^^^^^^^^^^^^^^^^^^^^^
2026-01-02 06:21:44 +00:00:   File "/var/www/spirit-bead-backend/products/services/stripe_sync.py", line 35, in ensure_stripe_product_and_price
2026-01-02 06:21:44 +00:00:     stripe_price = stripe.Price.create(
2026-01-02 06:21:44 +00:00:                    ^^^^^^^^^^^^^^^^^^^^
2026-01-02 06:21:44 +00:00:   File "/var/www/spirit-bead-backend/venv/lib64/python3.12/site-packages/stripe/api_resources/price.py", line 244, in create
2026-01-02 06:21:44 +00:00:     cls._static_request(
2026-01-02 06:21:44 +00:00:   File "/var/www/spirit-bead-backend/venv/lib64/python3.12/site-packages/stripe/api_resources/abstract/api_resource.py", line 152, in _static_request
2026-01-02 06:21:44 +00:00:     response, api_key = requestor.request(method_, url_, params, headers)
2026-01-02 06:21:44 +00:00:                         ^^^^^^^^^^^^^^^^^^^^^^^^^^^^^^^^^^^^^^^^^^^^^^^^^
2026-01-02 06:21:44 +00:00:   File "/var/www/spirit-bead-backend/venv/lib64/python3.12/site-packages/stripe/api_requestor.py", line 122, in request
2026-01-02 06:21:44 +00:00:     resp = self.interpret_response(rbody, rcode, rheaders)
2026-01-02 06:21:44 +00:00:            ^^^^^^^^^^^^^^^^^^^^^^^^^^^^^^^^^^^^^^^^^^^^^^^
2026-01-02 06:21:44 +00:00:   File "/var/www/spirit-bead-backend/venv/lib64/python3.12/site-packages/stripe/api_requestor.py", line 399, in interpret_response
2026-01-02 06:21:44 +00:00:     self.handle_error_response(rbody, rcode, resp.data, rheaders)
2026-01-02 06:21:44 +00:00:   File "/var/www/spirit-bead-backend/venv/lib64/python3.12/site-packages/stripe/api_requestor.py", line 159, in handle_error_response
2026-01-02 06:21:44 +00:00:     raise err
2026-01-02 06:21:44 +00:00: stripe.error.InvalidRequestError: Request req_eM7kemHHGkOaFw: No such product: 'prod_ThbzAxfMZXCnxO'
2026-01-02 06:21:44 +00:00: Stripe API error for product 3: Request req_LDKzf5pQd1sqD8: No such product: 'prod_ThbzEs3eYJJJtx'
2026-01-02 06:21:44 +00:00: Traceback (most recent call last):
2026-01-02 06:21:44 +00:00:   File "/var/www/spirit-bead-backend/products/services/stripe_sync.py", line 35, in ensure_stripe_product_and_price
2026-01-02 06:21:44 +00:00:     stripe_price = stripe.Price.create(
2026-01-02 06:21:44 +00:00:                    ^^^^^^^^^^^^^^^^^^^^
2026-01-02 06:21:44 +00:00:   File "/var/www/spirit-bead-backend/venv/lib64/python3.12/site-packages/stripe/api_resources/price.py", line 244, in create
2026-01-02 06:21:44 +00:00:     cls._static_request(
2026-01-02 06:21:44 +00:00:   File "/var/www/spirit-bead-backend/venv/lib64/python3.12/site-packages/stripe/api_resources/abstract/api_resource.py", line 152, in _static_request
2026-01-02 06:21:44 +00:00:     response, api_key = requestor.request(method_, url_, params, headers)
2026-01-02 06:21:44 +00:00:                         ^^^^^^^^^^^^^^^^^^^^^^^^^^^^^^^^^^^^^^^^^^^^^^^^^
2026-01-02 06:21:44 +00:00:   File "/var/www/spirit-bead-backend/venv/lib64/python3.12/site-packages/stripe/api_requestor.py", line 122, in request
2026-01-02 06:21:44 +00:00:     resp = self.interpret_response(rbody, rcode, rheaders)
2026-01-02 06:21:44 +00:00:            ^^^^^^^^^^^^^^^^^^^^^^^^^^^^^^^^^^^^^^^^^^^^^^^
2026-01-02 06:21:44 +00:00:   File "/var/www/spirit-bead-backend/venv/lib64/python3.12/site-packages/stripe/api_requestor.py", line 399, in interpret_response
2026-01-02 06:21:44 +00:00:     self.handle_error_response(rbody, rcode, resp.data, rheaders)
2026-01-02 06:21:44 +00:00:   File "/var/www/spirit-bead-backend/venv/lib64/python3.12/site-packages/stripe/api_requestor.py", line 159, in handle_error_response
2026-01-02 06:21:44 +00:00:     raise err
2026-01-02 06:21:44 +00:00: stripe.error.InvalidRequestError: Request req_LDKzf5pQd1sqD8: No such product: 'prod_ThbzEs3eYJJJtx'
2026-01-02 06:21:44 +00:00: Failed to sync product 3 to Stripe: Request req_LDKzf5pQd1sqD8: No such product: 'prod_ThbzEs3eYJJJtx'
2026-01-02 06:21:44 +00:00: Traceback (most recent call last):
2026-01-02 06:21:44 +00:00:   File "/var/www/spirit-bead-backend/products/admin.py", line 45, in sync_prices_to_stripe
2026-01-02 06:21:44 +00:00:     result = ensure_stripe_product_and_price(product)
2026-01-02 06:21:44 +00:00:              ^^^^^^^^^^^^^^^^^^^^^^^^^^^^^^^^^^^^^^^^
2026-01-02 06:21:44 +00:00:   File "/var/www/spirit-bead-backend/products/services/stripe_sync.py", line 35, in ensure_stripe_product_and_price
2026-01-02 06:21:44 +00:00:     stripe_price = stripe.Price.create(
2026-01-02 06:21:44 +00:00:                    ^^^^^^^^^^^^^^^^^^^^
2026-01-02 06:21:44 +00:00:   File "/var/www/spirit-bead-backend/venv/lib64/python3.12/site-packages/stripe/api_resources/price.py", line 244, in create
2026-01-02 06:21:44 +00:00:     cls._static_request(
2026-01-02 06:21:44 +00:00:   File "/var/www/spirit-bead-backend/venv/lib64/python3.12/site-packages/stripe/api_resources/abstract/api_resource.py", line 152, in _static_request
2026-01-02 06:21:44 +00:00:     response, api_key = requestor.request(method_, url_, params, headers)
2026-01-02 06:21:44 +00:00:                         ^^^^^^^^^^^^^^^^^^^^^^^^^^^^^^^^^^^^^^^^^^^^^^^^^
2026-01-02 06:21:44 +00:00:   File "/var/www/spirit-bead-backend/venv/lib64/python3.12/site-packages/stripe/api_requestor.py", line 122, in request
2026-01-02 06:21:44 +00:00:     resp = self.interpret_response(rbody, rcode, rheaders)
2026-01-02 06:21:44 +00:00:            ^^^^^^^^^^^^^^^^^^^^^^^^^^^^^^^^^^^^^^^^^^^^^^^
2026-01-02 06:21:44 +00:00:   File "/var/www/spirit-bead-backend/venv/lib64/python3.12/site-packages/stripe/api_requestor.py", line 399, in interpret_response
2026-01-02 06:21:44 +00:00:     self.handle_error_response(rbody, rcode, resp.data, rheaders)
2026-01-02 06:21:44 +00:00:   File "/var/www/spirit-bead-backend/venv/lib64/python3.12/site-packages/stripe/api_requestor.py", line 159, in handle_error_response
2026-01-02 06:21:44 +00:00:     raise err
2026-01-02 06:21:44 +00:00: stripe.error.InvalidRequestError: Request req_LDKzf5pQd1sqD8: No such product: 'prod_ThbzEs3eYJJJtx'
2026-01-02 06:21:44 +00:00: Stripe API error for product 8: Request req_owdF20iQj8ztDX: No such product: 'prod_ThbzvOY5sYyqEL'
2026-01-02 06:21:44 +00:00: Traceback (most recent call last):
2026-01-02 06:21:44 +00:00:   File "/var/www/spirit-bead-backend/products/services/stripe_sync.py", line 35, in ensure_stripe_product_and_price
2026-01-02 06:21:44 +00:00:     stripe_price = stripe.Price.create(
2026-01-02 06:21:44 +00:00:                    ^^^^^^^^^^^^^^^^^^^^
2026-01-02 06:21:44 +00:00:   File "/var/www/spirit-bead-backend/venv/lib64/python3.12/site-packages/stripe/api_resources/price.py", line 244, in create
2026-01-02 06:21:44 +00:00:     cls._static_request(
2026-01-02 06:21:44 +00:00:   File "/var/www/spirit-bead-backend/venv/lib64/python3.12/site-packages/stripe/api_resources/abstract/api_resource.py", line 152, in _static_request
2026-01-02 06:21:44 +00:00:     response, api_key = requestor.request(method_, url_, params, headers)
2026-01-02 06:21:44 +00:00:                         ^^^^^^^^^^^^^^^^^^^^^^^^^^^^^^^^^^^^^^^^^^^^^^^^^
2026-01-02 06:21:44 +00:00:   File "/var/www/spirit-bead-backend/venv/lib64/python3.12/site-packages/stripe/api_requestor.py", line 122, in request
2026-01-02 06:21:44 +00:00:     resp = self.interpret_response(rbody, rcode, rheaders)
2026-01-02 06:21:44 +00:00:            ^^^^^^^^^^^^^^^^^^^^^^^^^^^^^^^^^^^^^^^^^^^^^^^
2026-01-02 06:21:44 +00:00:   File "/var/www/spirit-bead-backend/venv/lib64/python3.12/site-packages/stripe/api_requestor.py", line 399, in interpret_response
2026-01-02 06:21:44 +00:00:     self.handle_error_response(rbody, rcode, resp.data, rheaders)
2026-01-02 06:21:44 +00:00:   File "/var/www/spirit-bead-backend/venv/lib64/python3.12/site-packages/stripe/api_requestor.py", line 159, in handle_error_response
2026-01-02 06:21:44 +00:00:     raise err
2026-01-02 06:21:44 +00:00: stripe.error.InvalidRequestError: Request req_owdF20iQj8ztDX: No such product: 'prod_ThbzvOY5sYyqEL'
2026-01-02 06:21:44 +00:00: Failed to sync product 8 to Stripe: Request req_owdF20iQj8ztDX: No such product: 'prod_ThbzvOY5sYyqEL'
2026-01-02 06:21:44 +00:00: Traceback (most recent call last):
2026-01-02 06:21:44 +00:00:   File "/var/www/spirit-bead-backend/products/admin.py", line 45, in sync_prices_to_stripe
2026-01-02 06:21:44 +00:00:     result = ensure_stripe_product_and_price(product)
2026-01-02 06:21:44 +00:00:              ^^^^^^^^^^^^^^^^^^^^^^^^^^^^^^^^^^^^^^^^
2026-01-02 06:21:44 +00:00:   File "/var/www/spirit-bead-backend/products/services/stripe_sync.py", line 35, in ensure_stripe_product_and_price
2026-01-02 06:21:44 +00:00:     stripe_price = stripe.Price.create(
2026-01-02 06:21:44 +00:00:                    ^^^^^^^^^^^^^^^^^^^^
2026-01-02 06:21:44 +00:00:   File "/var/www/spirit-bead-backend/venv/lib64/python3.12/site-packages/stripe/api_resources/price.py", line 244, in create
2026-01-02 06:21:44 +00:00:     cls._static_request(
2026-01-02 06:21:44 +00:00:   File "/var/www/spirit-bead-backend/venv/lib64/python3.12/site-packages/stripe/api_resources/abstract/api_resource.py", line 152, in _static_request
2026-01-02 06:21:44 +00:00:     response, api_key = requestor.request(method_, url_, params, headers)
2026-01-02 06:21:44 +00:00:                         ^^^^^^^^^^^^^^^^^^^^^^^^^^^^^^^^^^^^^^^^^^^^^^^^^
2026-01-02 06:21:44 +00:00:   File "/var/www/spirit-bead-backend/venv/lib64/python3.12/site-packages/stripe/api_requestor.py", line 122, in request
2026-01-02 06:21:44 +00:00:     resp = self.interpret_response(rbody, rcode, rheaders)
2026-01-02 06:21:44 +00:00:            ^^^^^^^^^^^^^^^^^^^^^^^^^^^^^^^^^^^^^^^^^^^^^^^
2026-01-02 06:21:44 +00:00:   File "/var/www/spirit-bead-backend/venv/lib64/python3.12/site-packages/stripe/api_requestor.py", line 399, in interpret_response
2026-01-02 06:21:44 +00:00:     self.handle_error_response(rbody, rcode, resp.data, rheaders)
2026-01-02 06:21:44 +00:00:   File "/var/www/spirit-bead-backend/venv/lib64/python3.12/site-packages/stripe/api_requestor.py", line 159, in handle_error_response
2026-01-02 06:21:44 +00:00:     raise err
2026-01-02 06:21:44 +00:00: stripe.error.InvalidRequestError: Request req_owdF20iQj8ztDX: No such product: 'prod_ThbzvOY5sYyqEL'
2026-01-02 06:21:44 +00:00: Stripe API error for product 2: Request req_zhyH8eHISENNLj: No such product: 'prod_ThbzKCgDZbXoo8'
2026-01-02 06:21:44 +00:00: Traceback (most recent call last):
2026-01-02 06:21:44 +00:00:   File "/var/www/spirit-bead-backend/products/services/stripe_sync.py", line 35, in ensure_stripe_product_and_price
2026-01-02 06:21:44 +00:00:     stripe_price = stripe.Price.create(
2026-01-02 06:21:44 +00:00:                    ^^^^^^^^^^^^^^^^^^^^
2026-01-02 06:21:44 +00:00:   File "/var/www/spirit-bead-backend/venv/lib64/python3.12/site-packages/stripe/api_resources/price.py", line 244, in create
2026-01-02 06:21:44 +00:00:     cls._static_request(
2026-01-02 06:21:44 +00:00:   File "/var/www/spirit-bead-backend/venv/lib64/python3.12/site-packages/stripe/api_resources/abstract/api_resource.py", line 152, in _static_request
2026-01-02 06:21:44 +00:00:     response, api_key = requestor.request(method_, url_, params, headers)
2026-01-02 06:21:44 +00:00:                         ^^^^^^^^^^^^^^^^^^^^^^^^^^^^^^^^^^^^^^^^^^^^^^^^^
2026-01-02 06:21:44 +00:00:   File "/var/www/spirit-bead-backend/venv/lib64/python3.12/site-packages/stripe/api_requestor.py", line 122, in request
2026-01-02 06:21:44 +00:00:     resp = self.interpret_response(rbody, rcode, rheaders)
2026-01-02 06:21:44 +00:00:            ^^^^^^^^^^^^^^^^^^^^^^^^^^^^^^^^^^^^^^^^^^^^^^^
2026-01-02 06:21:44 +00:00:   File "/var/www/spirit-bead-backend/venv/lib64/python3.12/site-packages/stripe/api_requestor.py", line 399, in interpret_response
2026-01-02 06:21:44 +00:00:     self.handle_error_response(rbody, rcode, resp.data, rheaders)
2026-01-02 06:21:44 +00:00:   File "/var/www/spirit-bead-backend/venv/lib64/python3.12/site-packages/stripe/api_requestor.py", line 159, in handle_error_response
2026-01-02 06:21:44 +00:00:     raise err
2026-01-02 06:21:44 +00:00: stripe.error.InvalidRequestError: Request req_zhyH8eHISENNLj: No such product: 'prod_ThbzKCgDZbXoo8'
2026-01-02 06:21:44 +00:00: Failed to sync product 2 to Stripe: Request req_zhyH8eHISENNLj: No such product: 'prod_ThbzKCgDZbXoo8'
2026-01-02 06:21:44 +00:00: Traceback (most recent call last):
2026-01-02 06:21:44 +00:00:   File "/var/www/spirit-bead-backend/products/admin.py", line 45, in sync_prices_to_stripe
2026-01-02 06:21:44 +00:00:     result = ensure_stripe_product_and_price(product)
2026-01-02 06:21:44 +00:00:              ^^^^^^^^^^^^^^^^^^^^^^^^^^^^^^^^^^^^^^^^
2026-01-02 06:21:44 +00:00:   File "/var/www/spirit-bead-backend/products/services/stripe_sync.py", line 35, in ensure_stripe_product_and_price
2026-01-02 06:21:44 +00:00:     stripe_price = stripe.Price.create(
2026-01-02 06:21:44 +00:00:                    ^^^^^^^^^^^^^^^^^^^^
2026-01-02 06:21:44 +00:00:   File "/var/www/spirit-bead-backend/venv/lib64/python3.12/site-packages/stripe/api_resources/price.py", line 244, in create
2026-01-02 06:21:44 +00:00:     cls._static_request(
2026-01-02 06:21:44 +00:00:   File "/var/www/spirit-bead-backend/venv/lib64/python3.12/site-packages/stripe/api_resources/abstract/api_resource.py", line 152, in _static_request
2026-01-02 06:21:44 +00:00:     response, api_key = requestor.request(method_, url_, params, headers)
2026-01-02 06:21:44 +00:00:                         ^^^^^^^^^^^^^^^^^^^^^^^^^^^^^^^^^^^^^^^^^^^^^^^^^
2026-01-02 06:21:44 +00:00:   File "/var/www/spirit-bead-backend/venv/lib64/python3.12/site-packages/stripe/api_requestor.py", line 122, in request
2026-01-02 06:21:44 +00:00:     resp = self.interpret_response(rbody, rcode, rheaders)
2026-01-02 06:21:44 +00:00:            ^^^^^^^^^^^^^^^^^^^^^^^^^^^^^^^^^^^^^^^^^^^^^^^
2026-01-02 06:21:44 +00:00:   File "/var/www/spirit-bead-backend/venv/lib64/python3.12/site-packages/stripe/api_requestor.py", line 399, in interpret_response
2026-01-02 06:21:44 +00:00:     self.handle_error_response(rbody, rcode, resp.data, rheaders)
2026-01-02 06:21:44 +00:00:   File "/var/www/spirit-bead-backend/venv/lib64/python3.12/site-packages/stripe/api_requestor.py", line 159, in handle_error_response
2026-01-02 06:21:44 +00:00:     raise err
2026-01-02 06:21:44 +00:00: stripe.error.InvalidRequestError: Request req_zhyH8eHISENNLj: No such product: 'prod_ThbzKCgDZbXoo8'
2026-01-02 06:21:44 +00:00: [02/Jan/2026 06:21:44] "POST /admin/products/product/ HTTP/1.1" 302 0
2026-01-02 06:21:44 +00:00: [02/Jan/2026 06:21:44] "GET /admin/products/product/ HTTP/1.1" 200 16570
2026-01-02 06:21:45 +00:00: [02/Jan/2026 06:21:45] "GET /admin/jsi18n/ HTTP/1.1" 200 3343
2026-01-02 06:21:52 +00:00: [02/Jan/2026 06:21:52] "GET / HTTP/1.1" 404 179
2026-01-02 06:24:08 +00:00: [02/Jan/2026 06:24:08] "POST /admin/products/product/ HTTP/1.1" 302 0
2026-01-02 06:24:08 +00:00: [02/Jan/2026 06:24:08] "GET /admin/products/product/ HTTP/1.1" 200 16570
2026-01-02 06:24:08 +00:00: [02/Jan/2026 06:24:08] "GET /admin/jsi18n/ HTTP/1.1" 200 3343
